Component: ARM Compiler 5.06 update 6 (build 750) Tool: armlink [4d35ed]

==============================================================================

Section Cross References

    main.o(i.SystemInit) refers to delay.o(i.delay_Init) for delay_Init
    main.o(i.SystemInit) refers to sys.o(i.NVIC_Configuration) for NVIC_Configuration
    main.o(i.SystemInit) refers to led.o(i.LED_Init) for LED_Init
    main.o(i.SystemInit) refers to usart.o(i.USART_init) for USART_init
    main.o(i.SystemInit) refers to oled.o(i.OLED_Init) for OLED_Init
    main.o(i.SystemInit) refers to adc.o(i.Adc_Init) for Adc_Init
    main.o(i.SystemInit) refers to tim.o(i.TIM4_Init) for TIM4_Init
    main.o(i.SystemInit) refers to timer.o(i.TIM3_PWN_Init) for TIM3_PWN_Init
    main.o(i.SystemInit) refers to stm32f10x_tim.o(i.TIM_SetCompare2) for TIM_SetCompare2
    main.o(i.SystemInit) refers to timer.o(i.TIM2_Cap_Init) for TIM2_Cap_Init
    main.o(i.SystemInit) refers to stm32f10x_rcc.o(i.RCC_APB2PeriphClockCmd) for RCC_APB2PeriphClockCmd
    main.o(i.SystemInit) refers to measure.o(i.MOSFET_CONTROL_INIT) for MOSFET_CONTROL_INIT
    main.o(i.SystemInit) refers to delay.o(i.delay_ms) for delay_ms
    main.o(i.main) refers to main.o(i.SystemInit) for SystemInit
    main.o(i.main) refers to stm32f10x_gpio.o(i.GPIO_ResetBits) for GPIO_ResetBits
    main.o(i.main) refers to timer.o(i.pri_Data_U) for pri_Data_U
    main.o(i.main) refers to delay.o(i.delay_ms) for delay_ms
    main.o(i.main) refers to fft256.o(i.fft_mag_tranf) for fft_mag_tranf
    main.o(i.main) refers to fft256.o(i.test_fft) for test_fft
    main.o(i.main) refers to oled.o(i.pri_R_A) for pri_R_A
    main.o(i.main) refers to oled.o(i.WaveDisplay) for WaveDisplay
    main.o(i.main) refers to oled.o(i.Date_face) for Date_face
    main.o(i.main) refers to key.o(i.KEY_Scan) for KEY_Scan
    main.o(i.main) refers to oled.o(i.OLED_Clear) for OLED_Clear
    main.o(i.main) refers to oled.o(i.R_A_Display) for R_A_Display
    main.o(i.main) refers to main.o(.data) for qwer
    system_stm32f10x.o(i.SetSysClock) refers to system_stm32f10x.o(i.SetSysClockTo72) for SetSysClockTo72
    system_stm32f10x.o(i.SystemCoreClockUpdate) refers to system_stm32f10x.o(.data) for SystemCoreClock
    system_stm32f10x.o(i.SystemInit) refers to system_stm32f10x.o(i.SetSysClock) for SetSysClock
    startup_stm32f10x_md.o(RESET) refers to startup_stm32f10x_md.o(STACK) for __initial_sp
    startup_stm32f10x_md.o(RESET) refers to startup_stm32f10x_md.o(.text) for Reset_Handler
    startup_stm32f10x_md.o(RESET) refers to stm32f10x_it.o(i.NMI_Handler) for NMI_Handler
    startup_stm32f10x_md.o(RESET) refers to stm32f10x_it.o(i.HardFault_Handler) for HardFault_Handler
    startup_stm32f10x_md.o(RESET) refers to stm32f10x_it.o(i.MemManage_Handler) for MemManage_Handler
    startup_stm32f10x_md.o(RESET) refers to stm32f10x_it.o(i.BusFault_Handler) for BusFault_Handler
    startup_stm32f10x_md.o(RESET) refers to stm32f10x_it.o(i.UsageFault_Handler) for UsageFault_Handler
    startup_stm32f10x_md.o(RESET) refers to stm32f10x_it.o(i.SVC_Handler) for SVC_Handler
    startup_stm32f10x_md.o(RESET) refers to stm32f10x_it.o(i.DebugMon_Handler) for DebugMon_Handler
    startup_stm32f10x_md.o(RESET) refers to stm32f10x_it.o(i.PendSV_Handler) for PendSV_Handler
    startup_stm32f10x_md.o(RESET) refers to stm32f10x_it.o(i.SysTick_Handler) for SysTick_Handler
    startup_stm32f10x_md.o(RESET) refers to timer.o(i.TIM2_IRQHandler) for TIM2_IRQHandler
    startup_stm32f10x_md.o(RESET) refers to timer.o(i.TIM3_IRQHandler) for TIM3_IRQHandler
    startup_stm32f10x_md.o(RESET) refers to tim.o(i.TIM4_IRQHandler) for TIM4_IRQHandler
    startup_stm32f10x_md.o(.text) refers to system_stm32f10x.o(i.SystemInit) for SystemInit
    startup_stm32f10x_md.o(.text) refers to entry.o(.ARM.Collect$$$$00000000) for __main
    stm32f10x_adc.o(i.ADC_DeInit) refers to stm32f10x_rcc.o(i.RCC_APB2PeriphResetCmd) for RCC_APB2PeriphResetCmd
    stm32f10x_bkp.o(i.BKP_DeInit) refers to stm32f10x_rcc.o(i.RCC_BackupResetCmd) for RCC_BackupResetCmd
    stm32f10x_can.o(i.CAN_DeInit) refers to stm32f10x_rcc.o(i.RCC_APB1PeriphResetCmd) for RCC_APB1PeriphResetCmd
    stm32f10x_can.o(i.CAN_GetITStatus) refers to stm32f10x_can.o(i.CheckITStatus) for CheckITStatus
    stm32f10x_cec.o(i.CEC_DeInit) refers to stm32f10x_rcc.o(i.RCC_APB1PeriphResetCmd) for RCC_APB1PeriphResetCmd
    stm32f10x_dac.o(i.DAC_DeInit) refers to stm32f10x_rcc.o(i.RCC_APB1PeriphResetCmd) for RCC_APB1PeriphResetCmd
    stm32f10x_flash.o(i.FLASH_EnableWriteProtection) refers to stm32f10x_flash.o(i.FLASH_WaitForLastOperation) for FLASH_WaitForLastOperation
    stm32f10x_flash.o(i.FLASH_EraseAllBank1Pages) refers to stm32f10x_flash.o(i.FLASH_WaitForLastBank1Operation) for FLASH_WaitForLastBank1Operation
    stm32f10x_flash.o(i.FLASH_EraseAllPages) refers to stm32f10x_flash.o(i.FLASH_WaitForLastOperation) for FLASH_WaitForLastOperation
[...]
    Removing stm32f10x_rtc.o(i.RTC_SetPrescaler), (32 bytes).
    Removing stm32f10x_rtc.o(i.RTC_WaitForLastTask), (20 bytes).
    Removing stm32f10x_rtc.o(i.RTC_WaitForSynchro), (36 bytes).
    Removing stm32f10x_sdio.o(i.SDIO_CEATAITCmd), (16 bytes).
    Removing stm32f10x_sdio.o(i.SDIO_ClearFlag), (12 bytes).
    Removing stm32f10x_sdio.o(i.SDIO_ClearITPendingBit), (12 bytes).
    Removing stm32f10x_sdio.o(i.SDIO_ClockCmd), (12 bytes).
    Removing stm32f10x_sdio.o(i.SDIO_CmdStructInit), (14 bytes).
    Removing stm32f10x_sdio.o(i.SDIO_CommandCompletionCmd), (12 bytes).
    Removing stm32f10x_sdio.o(i.SDIO_DMACmd), (12 bytes).
    Removing stm32f10x_sdio.o(i.SDIO_DataConfig), (48 bytes).
    Removing stm32f10x_sdio.o(i.SDIO_DataStructInit), (20 bytes).
    Removing stm32f10x_sdio.o(i.SDIO_DeInit), (36 bytes).
    Removing stm32f10x_sdio.o(i.SDIO_GetCommandResponse), (12 bytes).
    Removing stm32f10x_sdio.o(i.SDIO_GetDataCounter), (12 bytes).
    Removing stm32f10x_sdio.o(i.SDIO_GetFIFOCount), (12 bytes).
    Removing stm32f10x_sdio.o(i.SDIO_GetFlagStatus), (24 bytes).
    Removing stm32f10x_sdio.o(i.SDIO_GetITStatus), (24 bytes).
    Removing stm32f10x_sdio.o(i.SDIO_GetPowerState), (16 bytes).
    Removing stm32f10x_sdio.o(i.SDIO_GetResponse), (24 bytes).
    Removing stm32f10x_sdio.o(i.SDIO_ITConfig), (32 bytes).
    Removing stm32f10x_sdio.o(i.SDIO_Init), (48 bytes).
    Removing stm32f10x_sdio.o(i.SDIO_ReadData), (12 bytes).
    Removing stm32f10x_sdio.o(i.SDIO_SendCEATACmd), (12 bytes).
    Removing stm32f10x_sdio.o(i.SDIO_SendCommand), (44 bytes).
    Removing stm32f10x_sdio.o(i.SDIO_SendSDIOSuspendCmd), (12 bytes).
    Removing stm32f10x_sdio.o(i.SDIO_SetPowerState), (28 bytes).
    Removing stm32f10x_sdio.o(i.SDIO_SetSDIOOperation), (12 bytes).
    Removing stm32f10x_sdio.o(i.SDIO_SetSDIOReadWaitMode), (12 bytes).
    Removing stm32f10x_sdio.o(i.SDIO_StartSDIOReadWait), (12 bytes).
    Removing stm32f10x_sdio.o(i.SDIO_StopSDIOReadWait), (12 bytes).
    Removing stm32f10x_sdio.o(i.SDIO_StructInit), (16 bytes).
    Removing stm32f10x_sdio.o(i.SDIO_WriteData), (12 bytes).
    Removing stm32f10x_spi.o(i.I2S_Cmd), (24 bytes).
    Removing stm32f10x_spi.o(i.I2S_Init), (232 bytes).
    Removing stm32f10x_spi.o(i.I2S_StructInit), (20 bytes).
    Removing stm32f10x_spi.o(i.SPI_BiDirectionalLineConfig), (28 bytes).
    Removing stm32f10x_spi.o(i.SPI_CalculateCRC), (24 bytes).
    Removing stm32f10x_spi.o(i.SPI_Cmd), (24 bytes).
    Removing stm32f10x_spi.o(i.SPI_DataSizeConfig), (18 bytes).
    Removing stm32f10x_spi.o(i.SPI_GetCRC), (16 bytes).
    Removing stm32f10x_spi.o(i.SPI_GetCRCPolynomial), (6 bytes).
    Removing stm32f10x_spi.o(i.SPI_I2S_ClearFlag), (6 bytes).
    Removing stm32f10x_spi.o(i.SPI_I2S_ClearITPendingBit), (20 bytes).
    Removing stm32f10x_spi.o(i.SPI_I2S_DMACmd), (18 bytes).
    Removing stm32f10x_spi.o(i.SPI_I2S_DeInit), (88 bytes).
    Removing stm32f10x_spi.o(i.SPI_I2S_GetFlagStatus), (18 bytes).
    Removing stm32f10x_spi.o(i.SPI_I2S_GetITStatus), (52 bytes).
    Removing stm32f10x_spi.o(i.SPI_I2S_ITConfig), (32 bytes).
    Removing stm32f10x_spi.o(i.SPI_I2S_ReceiveData), (6 bytes).
    Removing stm32f10x_spi.o(i.SPI_I2S_SendData), (4 bytes).
    Removing stm32f10x_spi.o(i.SPI_Init), (60 bytes).
    Removing stm32f10x_spi.o(i.SPI_NSSInternalSoftwareConfig), (30 bytes).
    Removing stm32f10x_spi.o(i.SPI_SSOutputCmd), (24 bytes).
    Removing stm32f10x_spi.o(i.SPI_StructInit), (24 bytes).
    Removing stm32f10x_spi.o(i.SPI_TransmitCRC), (10 bytes).
    Removing stm32f10x_tim.o(i.TI1_Config), (128 bytes).
    Removing stm32f10x_tim.o(i.TI2_Config), (152 bytes).
    Removing stm32f10x_tim.o(i.TI3_Config), (144 bytes).
    Removing stm32f10x_tim.o(i.TI4_Config), (152 bytes).
    Removing stm32f10x_tim.o(i.TIM_ARRPreloadConfig), (24 bytes).
    Removing stm32f10x_tim.o(i.TIM_BDTRConfig), (32 bytes).
    Removing stm32f10x_tim.o(i.TIM_BDTRStructInit), (18 bytes).
    Removing stm32f10x_tim.o(i.TIM_CCPreloadControl), (24 bytes).
    Removing stm32f10x_tim.o(i.TIM_CCxCmd), (30 bytes).
    Removing stm32f10x_tim.o(i.TIM_CCxNCmd), (30 bytes).
    Removing stm32f10x_tim.o(i.TIM_ClearFlag), (6 bytes).
    Removing stm32f10x_tim.o(i.TIM_ClearOC1Ref), (18 bytes).
    Removing stm32f10x_tim.o(i.TIM_ClearOC2Ref), (24 bytes).
    Removing stm32f10x_tim.o(i.TIM_ClearOC3Ref), (18 bytes).
    Removing stm32f10x_tim.o(i.TIM_ClearOC4Ref), (24 bytes).
    Removing stm32f10x_tim.o(i.TIM_CounterModeConfig), (18 bytes).
    Removing stm32f10x_tim.o(i.TIM_CtrlPWMOutputs), (30 bytes).
    Removing stm32f10x_tim.o(i.TIM_DMACmd), (18 bytes).
    Removing stm32f10x_tim.o(i.TIM_DMAConfig), (10 bytes).
    Removing stm32f10x_tim.o(i.TIM_DeInit), (488 bytes).
    Removing stm32f10x_tim.o(i.TIM_ETRClockMode1Config), (54 bytes).
    Removing stm32f10x_tim.o(i.TIM_ETRClockMode2Config), (32 bytes).
    Removing stm32f10x_tim.o(i.TIM_ETRConfig), (28 bytes).
    Removing stm32f10x_tim.o(i.TIM_EncoderDate_faceConfig), (66 bytes).
    Removing stm32f10x_tim.o(i.TIM_ForcedOC1Config), (18 bytes).
    Removing stm32f10x_tim.o(i.TIM_ForcedOC2Config), (26 bytes).
    Removing stm32f10x_tim.o(i.TIM_ForcedOC3Config), (18 bytes).
    Removing stm32f10x_tim.o(i.TIM_ForcedOC4Config), (26 bytes).
    Removing stm32f10x_tim.o(i.TIM_GenerateEvent), (4 bytes).
    Removing stm32f10x_tim.o(i.TIM_GetCapture1), (6 bytes).
    Removing stm32f10x_tim.o(i.TIM_GetCapture2), (6 bytes).
    Removing stm32f10x_tim.o(i.TIM_GetCapture3), (6 bytes).
    Removing stm32f10x_tim.o(i.TIM_GetCapture4), (8 bytes).
    Removing stm32f10x_tim.o(i.TIM_GetCounter), (6 bytes).
    Removing stm32f10x_tim.o(i.TIM_GetFlagStatus), (18 bytes).
    Removing stm32f10x_tim.o(i.TIM_GetPrescaler), (6 bytes).
    Removing stm32f10x_tim.o(i.TIM_ICInit), (172 bytes).
    Removing stm32f10x_tim.o(i.TIM_ICStructInit), (18 bytes).
    Removing stm32f10x_tim.o(i.TIM_ITRxExternalClockConfig), (24 bytes).
    Removing stm32f10x_tim.o(i.TIM_InternalClockConfig), (12 bytes).
    Removing stm32f10x_tim.o(i.TIM_OC1FastConfig), (18 bytes).
    Removing stm32f10x_tim.o(i.TIM_OC1Init), (152 bytes).
    Removing stm32f10x_tim.o(i.TIM_OC1NPolarityConfig), (18 bytes).
    Removing stm32f10x_tim.o(i.TIM_OC1PolarityConfig), (18 bytes).
    Removing stm32f10x_tim.o(i.TIM_OC1PreloadConfig), (18 bytes).
    Removing stm32f10x_tim.o(i.TIM_OC2FastConfig), (26 bytes).
    Removing stm32f10x_tim.o(i.TIM_OC2NPolarityConfig), (26 bytes).
    Removing stm32f10x_tim.o(i.TIM_OC2PolarityConfig), (26 bytes).
    Removing stm32f10x_tim.o(i.TIM_OC3FastConfig), (18 bytes).
    Removing stm32f10x_tim.o(i.TIM_OC3Init), (160 bytes).
    Removing stm32f10x_tim.o(i.TIM_OC3NPolarityConfig), (26 bytes).
    Removing stm32f10x_tim.o(i.TIM_OC3PolarityConfig), (26 bytes).
    Removing stm32f10x_tim.o(i.TIM_OC3PreloadConfig), (18 bytes).
    Removing stm32f10x_tim.o(i.TIM_OC4FastConfig), (26 bytes).
    Removing stm32f10x_tim.o(i.TIM_OC4Init), (124 bytes).
    Removing stm32f10x_tim.o(i.TIM_OC4PolarityConfig), (26 bytes).
    Removing stm32f10x_tim.o(i.TIM_OC4PreloadConfig), (26 bytes).
    Removing stm32f10x_tim.o(i.TIM_OCStructInit), (20 bytes).
    Removing stm32f10x_tim.o(i.TIM_PWMIConfig), (124 bytes).
    Removing stm32f10x_tim.o(i.TIM_PrescalerConfig), (6 bytes).
    Removing stm32f10x_tim.o(i.TIM_SelectCCDMA), (24 bytes).
    Removing stm32f10x_tim.o(i.TIM_SelectCOM), (24 bytes).
    Removing stm32f10x_tim.o(i.TIM_SelectHallSensor), (24 bytes).
    Removing stm32f10x_tim.o(i.TIM_SelectInputTrigger), (18 bytes).
    Removing stm32f10x_tim.o(i.TIM_SelectMasterSlaveMode), (18 bytes).
    Removing stm32f10x_tim.o(i.TIM_SelectOCxM), (82 bytes).
    Removing stm32f10x_tim.o(i.TIM_SelectOnePulseMode), (18 bytes).
    Removing stm32f10x_tim.o(i.TIM_SelectOutputTrigger), (18 bytes).
    Removing stm32f10x_tim.o(i.TIM_SelectSlaveMode), (18 bytes).
    Removing stm32f10x_tim.o(i.TIM_SetAutoreload), (4 bytes).
    Removing stm32f10x_tim.o(i.TIM_SetClockDivision), (18 bytes).
    Removing stm32f10x_tim.o(i.TIM_SetCompare1), (4 bytes).
    Removing stm32f10x_tim.o(i.TIM_SetCompare3), (4 bytes).
    Removing stm32f10x_tim.o(i.TIM_SetCompare4), (6 bytes).
    Removing stm32f10x_tim.o(i.TIM_SetCounter), (4 bytes).
    Removing stm32f10x_tim.o(i.TIM_SetIC1Prescaler), (18 bytes).
    Removing stm32f10x_tim.o(i.TIM_SetIC2Prescaler), (26 bytes).
    Removing stm32f10x_tim.o(i.TIM_SetIC3Prescaler), (18 bytes).
    Removing stm32f10x_tim.o(i.TIM_SetIC4Prescaler), (26 bytes).
    Removing stm32f10x_tim.o(i.TIM_TIxExternalClockConfig), (62 bytes).
    Removing stm32f10x_tim.o(i.TIM_TimeBaseStructInit), (18 bytes).
    Removing stm32f10x_tim.o(i.TIM_UpdateDisableConfig), (24 bytes).
    Removing stm32f10x_tim.o(i.TIM_UpdateRequestConfig), (24 bytes).
    Removing stm32f10x_usart.o(i.USART_ClearFlag), (18 bytes).
    Removing stm32f10x_usart.o(i.USART_ClearITPendingBit), (30 bytes).
    Removing stm32f10x_usart.o(i.USART_ClockInit), (34 bytes).
    Removing stm32f10x_usart.o(i.USART_ClockStructInit), (12 bytes).
    Removing stm32f10x_usart.o(i.USART_DMACmd), (18 bytes).
    Removing stm32f10x_usart.o(i.USART_DeInit), (156 bytes).
    Removing stm32f10x_usart.o(i.USART_GetITStatus), (84 bytes).
    Removing stm32f10x_usart.o(i.USART_HalfDuplexCmd), (24 bytes).
    Removing stm32f10x_usart.o(i.USART_ITConfig), (74 bytes).
    Removing stm32f10x_usart.o(i.USART_IrDACmd), (24 bytes).
    Removing stm32f10x_usart.o(i.USART_IrDAConfig), (18 bytes).
    Removing stm32f10x_usart.o(i.USART_LINBreakDetectLengthConfig), (18 bytes).
    Removing stm32f10x_usart.o(i.USART_LINCmd), (24 bytes).
    Removing stm32f10x_usart.o(i.USART_OneBitMethodCmd), (24 bytes).
    Removing stm32f10x_usart.o(i.USART_OverSampling8Cmd), (22 bytes).
    Removing stm32f10x_usart.o(i.USART_ReceiveData), (10 bytes).
    Removing stm32f10x_usart.o(i.USART_ReceiverWakeUpCmd), (24 bytes).
    Removing stm32f10x_usart.o(i.USART_SendBreak), (10 bytes).
    Removing stm32f10x_usart.o(i.USART_SetAddress), (18 bytes).
    Removing stm32f10x_usart.o(i.USART_SetGuardTime), (16 bytes).
    Removing stm32f10x_usart.o(i.USART_SetPrescaler), (16 bytes).
    Removing stm32f10x_usart.o(i.USART_SmartCardCmd), (24 bytes).
    Removing stm32f10x_usart.o(i.USART_SmartCardNACKCmd), (24 bytes).
    Removing stm32f10x_usart.o(i.USART_StructInit), (24 bytes).
    Removing stm32f10x_usart.o(i.USART_WakeUpConfig), (18 bytes).
    Removing stm32f10x_wwdg.o(i.WWDG_ClearFlag), (12 bytes).
    Removing stm32f10x_wwdg.o(i.WWDG_DeInit), (22 bytes).
    Removing stm32f10x_wwdg.o(i.WWDG_Enable), (16 bytes).
    Removing stm32f10x_wwdg.o(i.WWDG_EnableIT), (12 bytes).
    Removing stm32f10x_wwdg.o(i.WWDG_GetFlagStatus), (12 bytes).
    Removing stm32f10x_wwdg.o(i.WWDG_SetCounter), (16 bytes).
    Removing stm32f10x_wwdg.o(i.WWDG_SetPrescaler), (24 bytes).
    Removing stm32f10x_wwdg.o(i.WWDG_SetWindowValue), (40 bytes).
    Removing tim.o(i.TIM4_AD_U1U2), (52 bytes).
    Removing key.o(i.Key_Init), (44 bytes).
    Removing oled.o(i.OLED_Display_Off), (28 bytes).
    Removing oled.o(i.OLED_Display_On), (28 bytes).
    Removing oled.o(i.OLED_DrawBMP), (118 bytes).
    Removing oled.o(i.OLED_Fill), (58 bytes).
    Removing oled.o(i.OLED_ShowCHinese), (104 bytes).
    Removing oled.o(i.OLED_ShowNum), (132 bytes).
    Removing oled.o(i.oled_pow), (22 bytes).
    Removing delay.o(i.delay_us), (72 bytes).
    Removing adc.o(i.Get_Adc_Average), (40 bytes).
    Removing timer.o(i.GetFreq), (120 bytes).
    Removing timer.o(i.StartGetFreq), (36 bytes).
    Removing timer.o(i.getICState), (20 bytes).
    Removing timer.o(i.startCapture), (28 bytes).
    Removing cdcmple.o(.text), (48 bytes).

456 unused section(s) (total 18826 bytes) removed from the image.

==============================================================================

Image Symbol Table

    Local Symbols

    Symbol Name                              Value     Ov Type        Size  Object(Section)

    ../clib/../cmprslib/zerorunl2.c          0x00000000   Number         0  __dczerorl2.o ABSOLUTE
    ../clib/microlib/division.c              0x00000000   Number         0  uldiv.o ABSOLUTE
    ../clib/microlib/division.c              0x00000000   Number         0  uidiv.o ABSOLUTE
    ../clib/microlib/errno.c                 0x00000000   Number         0  errno.o ABSOLUTE
    ../clib/microlib/init/entry.s            0x00000000   Number         0  entry7a.o ABSOLUTE
    ../clib/microlib/init/entry.s            0x00000000   Number         0  entry11a.o ABSOLUTE
    ../clib/microlib/init/entry.s            0x00000000   Number         0  entry11b.o ABSOLUTE
    ../clib/microlib/init/entry.s            0x00000000   Number         0  entry5.o ABSOLUTE
    ../clib/microlib/init/entry.s            0x00000000   Number         0  entry2.o ABSOLUTE
    ../clib/microlib/init/entry.s            0x00000000   Number         0  entry8b.o ABSOLUTE
    ../clib/microlib/init/entry.s            0x00000000   Number         0  entry8a.o ABSOLUTE
    ../clib/microlib/init/entry.s            0x00000000   Number         0  entry7b.o ABSOLUTE
    ../clib/microlib/init/entry.s            0x00000000   Number         0  entry9a.o ABSOLUTE
    ../clib/microlib/init/entry.s            0x00000000   Number         0  entry9b.o ABSOLUTE
    ../clib/microlib/init/entry.s            0x00000000   Number         0  entry10a.o ABSOLUTE
    ../clib/microlib/init/entry.s            0x00000000   Number         0  entry10b.o ABSOLUTE
    ../clib/microlib/init/entry.s            0x00000000   Number         0  entry.o ABSOLUTE
    ../clib/microlib/longlong.c              0x00000000   Number         0  llshl.o ABSOLUTE
    ../clib/microlib/longlong.c              0x00000000   Number         0  llsshr.o ABSOLUTE
    ../clib/microlib/longlong.c              0x00000000   Number         0  llushr.o ABSOLUTE
    ../clib/microlib/printf/printf.c         0x00000000   Number         0  printf3.o ABSOLUTE
    ../clib/microlib/printf/printf.c         0x00000000   Number         0  printf8.o ABSOLUTE
    ../clib/microlib/printf/printf.c         0x00000000   Number         0  printf4.o ABSOLUTE
    ../clib/microlib/printf/printf.c         0x00000000   Number         0  printf6.o ABSOLUTE
    ../clib/microlib/printf/printf.c         0x00000000   Number         0  printf7.o ABSOLUTE
    ../clib/microlib/printf/printf.c         0x00000000   Number         0  printfa.o ABSOLUTE
    ../clib/microlib/printf/printf.c         0x00000000   Number         0  printf5.o ABSOLUTE
    ../clib/microlib/printf/printf.c         0x00000000   Number         0  printf1.o ABSOLUTE
    ../clib/microlib/printf/printf.c         0x00000000   Number         0  printf0.o ABSOLUTE
    ../clib/microlib/printf/printf.c         0x00000000   Number         0  printfb.o ABSOLUTE
    ../clib/microlib/printf/printf.c         0x00000000   Number         0  printf2.o ABSOLUTE
    ../clib/microlib/printf/stubs.s          0x00000000   Number         0  stubs.o ABSOLUTE
    ../clib/microlib/stdio/streams.c         0x00000000   Number         0  stdout.o ABSOLUTE
    ../clib/microlib/string/memset.c         0x00000000   Number         0  memseta.o ABSOLUTE
    ../clib/microlib/stubs.s                 0x00000000   Number         0  iusefp.o ABSOLUTE
    ../fplib/microlib/d2f.c                  0x00000000   Number         0  d2f.o ABSOLUTE
    ../fplib/microlib/f2d.c                  0x00000000   Number         0  f2d.o ABSOLUTE
    ../fplib/microlib/fpadd.c                0x00000000   Number         0  fadd.o ABSOLUTE
    ../fplib/microlib/fpadd.c                0x00000000   Number         0  dadd.o ABSOLUTE
    ../fplib/microlib/fpdiv.c                0x00000000   Number         0  fdiv.o ABSOLUTE
    ../fplib/microlib/fpdiv.c                0x00000000   Number         0  ddiv.o ABSOLUTE
    ../fplib/microlib/fpepilogue.c           0x00000000   Number         0  depilogue.o ABSOLUTE
    ../fplib/microlib/fpepilogue.c           0x00000000   Number         0  fepilogue.o ABSOLUTE
    ../fplib/microlib/fpfix.c                0x00000000   Number         0  ffixui.o ABSOLUTE
    ../fplib/microlib/fpfix.c                0x00000000   Number         0  dfixui.o ABSOLUTE
    ../fplib/microlib/fpfix.c                0x00000000   Number         0  dfixul.o ABSOLUTE
    ../fplib/microlib/fpflt.c                0x00000000   Number         0  dflti.o ABSOLUTE
    ../fplib/microlib/fpflt.c                0x00000000   Number         0  ffltui.o ABSOLUTE
    ../fplib/microlib/fpflt.c                0x00000000   Number         0  fflti.o ABSOLUTE
    ../fplib/microlib/fpflt.c                0x00000000   Number         0  dfltui.o ABSOLUTE
    ../fplib/microlib/fpmul.c                0x00000000   Number         0  dmul.o ABSOLUTE
    ../fplib/microlib/fpmul.c                0x00000000   Number         0  fmul.o ABSOLUTE
    ../fplib/microlib/fpsqrt.c               0x00000000   Number         0  dsqrt.o ABSOLUTE
    ../mathlib/sqrt.c                        0x00000000   Number         0  sqrt.o ABSOLUTE
    ../mathlib/sqrt.c                        0x00000000   Number         0  sqrt_x.o ABSOLUTE
    CORE\\core_cm3.c                         0x00000000   Number         0  core_cm3.o ABSOLUTE
    CORE\core_cm3.c                          0x00000000   Number         0  core_cm3.o ABSOLUTE
    CORE\startup_stm32f10x_md.s              0x00000000   Number         0  startup_stm32f10x_md.o ABSOLUTE
    STM32F10x_FWLib\src\misc.c               0x00000000   Number         0  misc.o ABSOLUTE
    STM32F10x_FWLib\src\stm32f10x_adc.c      0x00000000   Number         0  stm32f10x_adc.o ABSOLUTE
    STM32F10x_FWLib\src\stm32f10x_bkp.c      0x00000000   Number         0  stm32f10x_bkp.o ABSOLUTE
    STM32F10x_FWLib\src\stm32f10x_can.c      0x00000000   Number         0  stm32f10x_can.o ABSOLUTE
    STM32F10x_FWLib\src\stm32f10x_cec.c      0x00000000   Number         0  stm32f10x_cec.o ABSOLUTE
    STM32F10x_FWLib\src\stm32f10x_crc.c      0x00000000   Number         0  stm32f10x_crc.o ABSOLUTE
    STM32F10x_FWLib\src\stm32f10x_dac.c      0x00000000   Number         0  stm32f10x_dac.o ABSOLUTE
    STM32F10x_FWLib\src\stm32f10x_dbgmcu.c   0x00000000   Number         0  stm32f10x_dbgmcu.o ABSOLUTE
    STM32F10x_FWLib\src\stm32f10x_dma.c      0x00000000   Number         0  stm32f10x_dma.o ABSOLUTE
    STM32F10x_FWLib\src\stm32f10x_exti.c     0x00000000   Number         0  stm32f10x_exti.o ABSOLUTE
    STM32F10x_FWLib\src\stm32f10x_flash.c    0x00000000   Number         0  stm32f10x_flash.o ABSOLUTE
    STM32F10x_FWLib\src\stm32f10x_fsmc.c     0x00000000   Number         0  stm32f10x_fsmc.o ABSOLUTE
    STM32F10x_FWLib\src\stm32f10x_gpio.c     0x00000000   Number         0  stm32f10x_gpio.o ABSOLUTE
    STM32F10x_FWLib\src\stm32f10x_i2c.c      0x00000000   Number         0  stm32f10x_i2c.o ABSOLUTE
    STM32F10x_FWLib\src\stm32f10x_iwdg.c     0x00000000   Number         0  stm32f10x_iwdg.o ABSOLUTE
    STM32F10x_FWLib\src\stm32f10x_pwr.c      0x00000000   Number         0  stm32f10x_pwr.o ABSOLUTE
    STM32F10x_FWLib\src\stm32f10x_rcc.c      0x00000000   Number         0  stm32f10x_rcc.o ABSOLUTE
    STM32F10x_FWLib\src\stm32f10x_rtc.c      0x00000000   Number         0  stm32f10x_rtc.o ABSOLUTE
    STM32F10x_FWLib\src\stm32f10x_sdio.c     0x00000000   Number         0  stm32f10x_sdio.o ABSOLUTE
    STM32F10x_FWLib\src\stm32f10x_spi.c      0x00000000   Number         0  stm32f10x_spi.o ABSOLUTE
    STM32F10x_FWLib\src\stm32f10x_tim.c      0x00000000   Number         0  stm32f10x_tim.o ABSOLUTE
    STM32F10x_FWLib\src\stm32f10x_usart.c    0x00000000   Number         0  stm32f10x_usart.o ABSOLUTE
    STM32F10x_FWLib\src\stm32f10x_wwdg.c     0x00000000   Number         0  stm32f10x_wwdg.o ABSOLUTE
    SYSTEM\src\adc.c                         0x00000000   Number         0  adc.o ABSOLUTE
    SYSTEM\src\delay.c                       0x00000000   Number         0  delay.o ABSOLUTE
    SYSTEM\src\fft256.c                      0x00000000   Number         0  fft256.o ABSOLUTE
    SYSTEM\src\key.c                         0x00000000   Number         0  key.o ABSOLUTE
    SYSTEM\src\led.c                         0x00000000   Number         0  led.o ABSOLUTE
    SYSTEM\src\measure.c                     0x00000000   Number         0  measure.o ABSOLUTE
    SYSTEM\src\oled.c                        0x00000000   Number         0  oled.o ABSOLUTE
    SYSTEM\src\sys.c                         0x00000000   Number         0  sys.o ABSOLUTE
    SYSTEM\src\tim.c                         0x00000000   Number         0  tim.o ABSOLUTE
    SYSTEM\src\timer.c                       0x00000000   Number         0  timer.o ABSOLUTE
    SYSTEM\src\usart.c                       0x00000000   Number         0  usart.o ABSOLUTE
    USER\cr4_fft_256_stm32.s                 0x00000000   Number         0  cr4_fft_256_stm32.o ABSOLUTE
    USER\main.c                              0x00000000   Number         0  main.o ABSOLUTE
    USER\stm32f10x_it.c                      0x00000000   Number         0  stm32f10x_it.o ABSOLUTE
    USER\system_stm32f10x.c                  0x00000000   Number         0  system_stm32f10x.o ABSOLUTE
    cdcmple.s                                0x00000000   Number         0  cdcmple.o ABSOLUTE
    cdrcmple.s                               0x00000000   Number         0  cdrcmple.o ABSOLUTE
    cfcmple.s                                0x00000000   Number         0  cfcmple.o ABSOLUTE
    cfrcmple.s                               0x00000000   Number         0  cfrcmple.o ABSOLUTE
    dc.s                                     0x00000000   Number         0  dc.o ABSOLUTE
    handlers.s                               0x00000000   Number         0  handlers.o ABSOLUTE
    init.s                                   0x00000000   Number         0  init.o ABSOLUTE
    RESET                                    0x08000000   Section      236  startup_stm32f10x_md.o(RESET)
    .ARM.Collect$$$$00000000                 0x080000ec   Section        0  entry.o(.ARM.Collect$$$$00000000)
    .ARM.Collect$$$$00000001                 0x080000ec   Section        4  entry2.o(.ARM.Collect$$$$00000001)
    .ARM.Collect$$$$00000004                 0x080000f0   Section        4  entry5.o(.ARM.Collect$$$$00000004)
    .ARM.Collect$$$$00000008                 0x080000f4   Section        0  entry7b.o(.ARM.Collect$$$$00000008)
    .ARM.Collect$$$$0000000A                 0x080000f4   Section        0  entry8b.o(.ARM.Collect$$$$0000000A)
    .ARM.Collect$$$$0000000B                 0x080000f4   Section        8  entry9a.o(.ARM.Collect$$$$0000000B)
    .ARM.Collect$$$$0000000D                 0x080000fc   Section        0  entry10a.o(.ARM.Collect$$$$0000000D)
    .ARM.Collect$$$$0000000F                 0x080000fc   Section        0  entry11a.o(.ARM.Collect$$$$0000000F)
    .ARM.Collect$$$$00002712                 0x080000fc   Section        4  entry2.o(.ARM.Collect$$$$00002712)
    __lit__00000000                          0x080000fc   Data           4  entry2.o(.ARM.Collect$$$$00002712)
    .text                                    0x08000100   Section       36  startup_stm32f10x_md.o(.text)
    .text                                    0x08000124   Section     1502  cr4_fft_256_stm32.o(.text)
    .text                                    0x08000702   Section        0  memseta.o(.text)
    .text                                    0x08000726   Section        0  fadd.o(.text)
    .text                                    0x080007d6   Section        0  fmul.o(.text)
    .text                                    0x0800083a   Section        0  fdiv.o(.text)
    .text                                    0x080008b6   Section        0  dadd.o(.text)
    .text                                    0x08000a04   Section        0  dmul.o(.text)
    .text                                    0x08000ae8   Section        0  ddiv.o(.text)
    .text                                    0x08000bc6   Section        0  fflti.o(.text)
    .text                                    0x08000bd8   Section        0  ffltui.o(.text)
    .text                                    0x08000be2   Section        0  dflti.o(.text)
    .text                                    0x08000c04   Section        0  dfltui.o(.text)
    .text                                    0x08000c1e   Section        0  ffixui.o(.text)
    .text                                    0x08000c46   Section        0  dfixui.o(.text)
    .text                                    0x08000c78   Section        0  f2d.o(.text)
    .text                                    0x08000c9e   Section        0  d2f.o(.text)
    .text                                    0x08000cd8   Section       20  cfcmple.o(.text)
    .text                                    0x08000cec   Section       20  cfrcmple.o(.text)
    .text                                    0x08000d00   Section        0  uidiv.o(.text)
    .text                                    0x08000d2c   Section        0  uldiv.o(.text)
    .text                                    0x08000d8e   Section        0  llshl.o(.text)
    .text                                    0x08000dac   Section        0  llushr.o(.text)
    .text                                    0x08000dcc   Section        0  llsshr.o(.text)
    .text                                    0x08000df0   Section        0  iusefp.o(.text)
    .text                                    0x08000df0   Section        0  fepilogue.o(.text)
    .text                                    0x08000e5e   Section        0  depilogue.o(.text)
    .text                                    0x08000f18   Section        0  dsqrt.o(.text)
    .text                                    0x08000fba   Section        0  dfixul.o(.text)
    .text                                    0x08000fec   Section       48  cdrcmple.o(.text)
    .text                                    0x0800101c   Section       36  init.o(.text)
    .text                                    0x08001040   Section        0  __dczerorl2.o(.text)
    i.ADC_Cmd                                0x08001096   Section        0  stm32f10x_adc.o(i.ADC_Cmd)
    i.ADC_DeInit                             0x080010ac   Section        0  stm32f10x_adc.o(i.ADC_DeInit)
    i.ADC_GetCalibrationStatus               0x08001108   Section        0  stm32f10x_adc.o(i.ADC_GetCalibrationStatus)
    i.ADC_GetConversionValue                 0x0800111c   Section        0  stm32f10x_adc.o(i.ADC_GetConversionValue)
    i.ADC_GetFlagStatus                      0x08001124   Section        0  stm32f10x_adc.o(i.ADC_GetFlagStatus)
    i.ADC_GetResetCalibrationStatus          0x08001136   Section        0  stm32f10x_adc.o(i.ADC_GetResetCalibrationStatus)
    i.ADC_Init                               0x0800114c   Section        0  stm32f10x_adc.o(i.ADC_Init)
    i.ADC_RegularChannelConfig               0x0800119c   Section        0  stm32f10x_adc.o(i.ADC_RegularChannelConfig)
    i.ADC_ResetCalibration                   0x08001254   Section        0  stm32f10x_adc.o(i.ADC_ResetCalibration)
    i.ADC_SoftwareStartConvCmd               0x0800125e   Section        0  stm32f10x_adc.o(i.ADC_SoftwareStartConvCmd)
    i.ADC_StartCalibration                   0x08001274   Section        0  stm32f10x_adc.o(i.ADC_StartCalibration)
    i.Adc_Init                               0x08001280   Section        0  adc.o(i.Adc_Init)
    i.BusFault_Handler                       0x08001330   Section        0  stm32f10x_it.o(i.BusFault_Handler)
    i.Date_face                              0x08001334   Section        0  oled.o(i.Date_face)
    i.DebugMon_Handler                       0x0800142c   Section        0  stm32f10x_it.o(i.DebugMon_Handler)
    i.GPIOB_config                           0x08001430   Section        0  measure.o(i.GPIOB_config)
    i.GPIO_Init                              0x0800145c   Section        0  stm32f10x_gpio.o(i.GPIO_Init)
    i.GPIO_ReadInputDataBit                  0x08001572   Section        0  stm32f10x_gpio.o(i.GPIO_ReadInputDataBit)
    i.GPIO_ResetBits                         0x08001584   Section        0  stm32f10x_gpio.o(i.GPIO_ResetBits)
    i.GPIO_SetBits                           0x08001588   Section        0  stm32f10x_gpio.o(i.GPIO_SetBits)
    i.Get_Adc                                0x0800158c   Section        0  adc.o(i.Get_Adc)
    i.HardFault_Handler                      0x080015c0   Section        0  stm32f10x_it.o(i.HardFault_Handler)
    i.KEY_Scan                               0x080015c4   Section        0  key.o(i.KEY_Scan)
    i.LED_Init                               0x08001618   Section        0  led.o(i.LED_Init)
    i.MOSFET_CONTROL_INIT                    0x0800164c   Section        0  measure.o(i.MOSFET_CONTROL_INIT)
    i.Mag_tranf                              0x08001674   Section        0  fft256.o(i.Mag_tranf)
    i.Max_Min                                0x08001760   Section        0  timer.o(i.Max_Min)
    i.Measure_Rin                            0x080017d8   Section        0  measure.o(i.Measure_Rin)
    i.Measure_Rout                           0x08001874   Section        0  measure.o(i.Measure_Rout)
    i.Measure_gain                           0x080019ac   Section        0  measure.o(i.Measure_gain)
    i.MemManage_Handler                      0x080019d4   Section        0  stm32f10x_it.o(i.MemManage_Handler)
    i.NMI_Handler                            0x080019d8   Section        0  stm32f10x_it.o(i.NMI_Handler)
    i.NVIC_Configuration                     0x080019da   Section        0  sys.o(i.NVIC_Configuration)
    i.NVIC_Init                              0x080019e8   Section        0  misc.o(i.NVIC_Init)
    i.NVIC_PriorityGroupConfig               0x08001a58   Section        0  misc.o(i.NVIC_PriorityGroupConfig)
    i.OLED_Clear                             0x08001a6c   Section        0  oled.o(i.OLED_Clear)
    i.OLED_DrawPoint                         0x08001a9c   Section        0  oled.o(i.OLED_DrawPoint)
    i.OLED_Init                              0x08001b04   Section        0  oled.o(i.OLED_Init)
    i.OLED_Refresh_Gram                      0x08001c58   Section        0  oled.o(i.OLED_Refresh_Gram)
    i.OLED_Set_Pos                           0x08001ca4   Section        0  oled.o(i.OLED_Set_Pos)
    i.OLED_ShowChar                          0x08001cd4   Section        0  oled.o(i.OLED_ShowChar)
    i.OLED_ShowString                        0x08001d44   Section        0  oled.o(i.OLED_ShowString)
    i.OLED_Showfloat                         0x08001d7c   Section        0  oled.o(i.OLED_Showfloat)
    i.OLED_WR_Byte                           0x08001e68   Section        0  oled.o(i.OLED_WR_Byte)
    i.PendSV_Handler                         0x08001ee4   Section        0  stm32f10x_it.o(i.PendSV_Handler)
    i.RCC_ADCCLKConfig                       0x08001ee8   Section        0  stm32f10x_rcc.o(i.RCC_ADCCLKConfig)
    i.RCC_APB1PeriphClockCmd                 0x08001f00   Section        0  stm32f10x_rcc.o(i.RCC_APB1PeriphClockCmd)
    i.RCC_APB2PeriphClockCmd                 0x08001f20   Section        0  stm32f10x_rcc.o(i.RCC_APB2PeriphClockCmd)
    i.RCC_APB2PeriphResetCmd                 0x08001f40   Section        0  stm32f10x_rcc.o(i.RCC_APB2PeriphResetCmd)
    i.RCC_GetClocksFreq                      0x08001f60   Section        0  stm32f10x_rcc.o(i.RCC_GetClocksFreq)
    i.R_A_Display                            0x08002034   Section        0  oled.o(i.R_A_Display)
    i.Re_Data_U                              0x080020dc   Section        0  timer.o(i.Re_Data_U)
    i.SVC_Handler                            0x080020e4   Section        0  stm32f10x_it.o(i.SVC_Handler)
    i.SetSysClock                            0x080020e6   Section        0  system_stm32f10x.o(i.SetSysClock)
    SetSysClock                              0x080020e7   Thumb Code     8  system_stm32f10x.o(i.SetSysClock)
    i.SetSysClockTo72                        0x080020f0   Section        0  system_stm32f10x.o(i.SetSysClockTo72)
    SetSysClockTo72                          0x080020f1   Thumb Code   214  system_stm32f10x.o(i.SetSysClockTo72)
    i.SysTick_CLKSourceConfig                0x080021d0   Section        0  misc.o(i.SysTick_CLKSourceConfig)
    i.SysTick_Handler                        0x080021f8   Section        0  stm32f10x_it.o(i.SysTick_Handler)
    i.SystemInit                             0x080021fc   Section        0  main.o(i.SystemInit)
    SystemInit                               0x080021fd   Thumb Code    90  main.o(i.SystemInit)
    i.SystemInit                             0x0800225c   Section        0  system_stm32f10x.o(i.SystemInit)
    i.THD_Cal                                0x080022bc   Section        0  fft256.o(i.THD_Cal)
    i.TIM2_Cap_Init                          0x08002378   Section        0  timer.o(i.TIM2_Cap_Init)
    i.TIM2_IRQHandler                        0x08002408   Section        0  timer.o(i.TIM2_IRQHandler)
    i.TIM3_IRQHandler                        0x0800249c   Section        0  timer.o(i.TIM3_IRQHandler)
    i.TIM3_Int_Init                          0x080024fc   Section        0  timer.o(i.TIM3_Int_Init)
    i.TIM3_PWN_Init                          0x0800255c   Section        0  timer.o(i.TIM3_PWN_Init)
    i.TIM4_IRQHandler                        0x080025e4   Section        0  tim.o(i.TIM4_IRQHandler)
    i.TIM4_Init                              0x08002640   Section        0  tim.o(i.TIM4_Init)
    i.TIM4_start                             0x080026a0   Section        0  tim.o(i.TIM4_start)
    i.TIM_ClearITPendingBit                  0x080026bc   Section        0  stm32f10x_tim.o(i.TIM_ClearITPendingBit)
    i.TIM_Cmd                                0x080026c2   Section        0  stm32f10x_tim.o(i.TIM_Cmd)
    i.TIM_GetITStatus                        0x080026da   Section        0  stm32f10x_tim.o(i.TIM_GetITStatus)
    i.TIM_ITConfig                           0x080026fc   Section        0  stm32f10x_tim.o(i.TIM_ITConfig)
    i.TIM_OC2Init                            0x08002710   Section        0  stm32f10x_tim.o(i.TIM_OC2Init)
    i.TIM_OC2PreloadConfig                   0x080027b4   Section        0  stm32f10x_tim.o(i.TIM_OC2PreloadConfig)
    i.TIM_SetCompare2                        0x080027ce   Section        0  stm32f10x_tim.o(i.TIM_SetCompare2)
    i.TIM_TimeBaseInit                       0x080027d4   Section        0  stm32f10x_tim.o(i.TIM_TimeBaseInit)
    i.U0_AD_Max_Min                          0x08002878   Section        0  tim.o(i.U0_AD_Max_Min)
    i.USART_Cmd                              0x080028f0   Section        0  stm32f10x_usart.o(i.USART_Cmd)
    i.USART_GetFlagStatus                    0x08002908   Section        0  stm32f10x_usart.o(i.USART_GetFlagStatus)
    i.USART_Init                             0x08002924   Section        0  stm32f10x_usart.o(i.USART_Init)
    i.USART_SendData                         0x080029fc   Section        0  stm32f10x_usart.o(i.USART_SendData)
    i.USART_init                             0x08002a04   Section        0  usart.o(i.USART_init)
    i.UsageFault_Handler                     0x08002a84   Section        0  stm32f10x_it.o(i.UsageFault_Handler)
    i.WaveDisplay                            0x08002a88   Section        0  oled.o(i.WaveDisplay)
    i.__0printf                              0x08002afc   Section        0  printfa.o(i.__0printf)
    i.__scatterload_copy                     0x08002b1c   Section       14  handlers.o(i.__scatterload_copy)
    i.__scatterload_null                     0x08002b2a   Section        2  handlers.o(i.__scatterload_null)
    i.__scatterload_zeroinit                 0x08002b2c   Section       14  handlers.o(i.__scatterload_zeroinit)
    i.__set_errno                            0x08002b3c   Section        0  errno.o(i.__set_errno)
    i._fp_digits                             0x08002b48   Section        0  printfa.o(i._fp_digits)
    _fp_digits                               0x08002b49   Thumb Code   366  printfa.o(i._fp_digits)
    i._printf_core                           0x08002ccc   Section        0  printfa.o(i._printf_core)
    _printf_core                             0x08002ccd   Thumb Code  1744  printfa.o(i._printf_core)
    i._printf_post_padding                   0x080033a8   Section        0  printfa.o(i._printf_post_padding)
    _printf_post_padding                     0x080033a9   Thumb Code    36  printfa.o(i._printf_post_padding)
    i._printf_pre_padding                    0x080033cc   Section        0  printfa.o(i._printf_pre_padding)
    _printf_pre_padding                      0x080033cd   Thumb Code    46  printfa.o(i._printf_pre_padding)
    i.delay_Init                             0x080033fc   Section        0  delay.o(i.delay_Init)
    i.delay_ms                               0x08003440   Section        0  delay.o(i.delay_ms)
    i.fft_mag_tranf                          0x08003488   Section        0  fft256.o(i.fft_mag_tranf)
    i.fft_tranf                              0x08003498   Section        0  fft256.o(i.fft_tranf)
    i.fputc                                  0x080034b0   Section        0  usart.o(i.fputc)
    i.getFreq_fft                            0x080034d4   Section        0  fft256.o(i.getFreq_fft)
    i.main                                   0x08003528   Section        0  main.o(i.main)
    i.pri_Data_U                             0x08003598   Section        0  timer.o(i.pri_Data_U)
    i.pri_R_A                                0x080035cc   Section        0  oled.o(i.pri_R_A)
    i.sqrt                                   0x0800362c   Section        0  sqrt.o(i.sqrt)
    i.test_fft                               0x08003678   Section        0  fft256.o(i.test_fft)
    .constdata                               0x080036e8   Section     8152  oled.o(.constdata)
    .data                                    0x20000000   Section     7168  main.o(.data)
    .data                                    0x20001c00   Section       20  system_stm32f10x.o(.data)
    .data                                    0x20001c14   Section       20  stm32f10x_rcc.o(.data)
    APBAHBPrescTable                         0x20001c14   Data          16  stm32f10x_rcc.o(.data)
    ADCPrescTable                            0x20001c24   Data           4  stm32f10x_rcc.o(.data)
    .data                                    0x20001c28   Section        2  tim.o(.data)
    .data                                    0x20001c2a   Section        1  key.o(.data)
    key_up                                   0x20001c2a   Data           1  key.o(.data)
    .data                                    0x20001c2c   Section      656  oled.o(.data)
    .data                                    0x20001ebc   Section        4  delay.o(.data)
    D_us                                     0x20001ebc   Data           1  delay.o(.data)
    D_ms                                     0x20001ebe   Data           2  delay.o(.data)
    .data                                    0x20001ec0   Section       16  timer.o(.data)
    .data                                    0x20001ed0   Section        8  measure.o(.data)
    .data                                    0x20001ed8   Section        4  stdout.o(.data)
    .data                                    0x20001edc   Section        4  errno.o(.data)
    _errno                                   0x20001edc   Data           4  errno.o(.data)
    .bss                                     0x20001ee0   Section      400  tim.o(.bss)
    .bss                                     0x20002070   Section     1024  oled.o(.bss)
    .bss                                     0x20002470   Section     1054  timer.o(.bss)
    .bss                                     0x20002890   Section     2048  fft256.o(.bss)
    STACK                                    0x20003090   Section     1024  startup_stm32f10x_md.o(STACK)

    Global Symbols

    Symbol Name                              Value     Ov Type        Size  Object(Section)

    BuildAttributes$$THM_ISAv4$P$D$K$B$S$PE$A:L22UL41UL21$X:L11$S22US41US21$IEEE1$IW$USESV6$~STKCKD$USESV7$~SHL$OTIME$ROPI$IEEEJ$EBA8$MICROLIB$REQ8$PRES8$EABIv2 0x00000000   Number         0  anon$$obj.o ABSOLUTE
    __ARM_use_no_argv                        0x00000000   Number         0  main.o ABSOLUTE
    _printf_a                                0x00000000   Number         0  stubs.o ABSOLUTE
    _printf_c                                0x00000000   Number         0  stubs.o ABSOLUTE
    _printf_charcount                        0x00000000   Number         0  stubs.o ABSOLUTE
    _printf_d                                0x00000000   Number         0  stubs.o ABSOLUTE
    _printf_e                                0x00000000   Number         0  stubs.o ABSOLUTE
    _printf_f                                0x00000000   Number         0  stubs.o ABSOLUTE
    _printf_flags                            0x00000000   Number         0  stubs.o ABSOLUTE
    _printf_fp_dec                           0x00000000   Number         0  stubs.o ABSOLUTE
    _printf_fp_hex                           0x00000000   Number         0  stubs.o ABSOLUTE
    _printf_g                                0x00000000   Number         0  stubs.o ABSOLUTE
    _printf_i                                0x00000000   Number         0  stubs.o ABSOLUTE
    _printf_int_dec                          0x00000000   Number         0  stubs.o ABSOLUTE
    _printf_l                                0x00000000   Number         0  stubs.o ABSOLUTE
    _printf_lc                               0x00000000   Number         0  stubs.o ABSOLUTE
    _printf_ll                               0x00000000   Number         0  stubs.o ABSOLUTE
    _printf_lld                              0x00000000   Number         0  stubs.o ABSOLUTE
    _printf_lli                              0x00000000   Number         0  stubs.o ABSOLUTE
    _printf_llo                              0x00000000   Number         0  stubs.o ABSOLUTE
    _printf_llu                              0x00000000   Number         0  stubs.o ABSOLUTE
    _printf_llx                              0x00000000   Number         0  stubs.o ABSOLUTE
    _printf_longlong_dec                     0x00000000   Number         0  stubs.o ABSOLUTE
    _printf_longlong_hex                     0x00000000   Number         0  stubs.o ABSOLUTE
    _printf_longlong_oct                     0x00000000   Number         0  stubs.o ABSOLUTE
    _printf_ls                               0x00000000   Number         0  stubs.o ABSOLUTE
    _printf_mbtowc                           0x00000000   Number         0  stubs.o ABSOLUTE
    _printf_n                                0x00000000   Number         0  stubs.o ABSOLUTE
    _printf_o                                0x00000000   Number         0  stubs.o ABSOLUTE
    _printf_p                                0x00000000   Number         0  stubs.o ABSOLUTE
    _printf_percent                          0x00000000   Number         0  stubs.o ABSOLUTE
    _printf_pre_padding                      0x00000000   Number         0  stubs.o ABSOLUTE
    _printf_return_value                     0x00000000   Number         0  stubs.o ABSOLUTE
    _printf_s                                0x00000000   Number         0  stubs.o ABSOLUTE
    _printf_sizespec                         0x00000000   Number         0  stubs.o ABSOLUTE
    _printf_str                              0x00000000   Number         0  stubs.o ABSOLUTE
    _printf_truncate_signed                  0x00000000   Number         0  stubs.o ABSOLUTE
    _printf_truncate_unsigned                0x00000000   Number         0  stubs.o ABSOLUTE
    _printf_u                                0x00000000   Number         0  stubs.o ABSOLUTE
    _printf_wc                               0x00000000   Number         0  stubs.o ABSOLUTE
    _printf_wctomb                           0x00000000   Number         0  stubs.o ABSOLUTE
    _printf_widthprec                        0x00000000   Number         0  stubs.o ABSOLUTE
    _printf_x                                0x00000000   Number         0  stubs.o ABSOLUTE
    __cpp_initialize__aeabi_                  - Undefined Weak Reference
    __cxa_finalize                            - Undefined Weak Reference
    _clock_init                               - Undefined Weak Reference
    _microlib_exit                            - Undefined Weak Reference
    __Vectors_Size                           0x000000ec   Number         0  startup_stm32f10x_md.o ABSOLUTE
    __Vectors                                0x08000000   Data           4  startup_stm32f10x_md.o(RESET)
    __Vectors_End                            0x080000ec   Data           0  startup_stm32f10x_md.o(RESET)
    __main                                   0x080000ed   Thumb Code     0  entry.o(.ARM.Collect$$$$00000000)
    _main_stk                                0x080000ed   Thumb Code     0  entry2.o(.ARM.Collect$$$$00000001)
    _main_scatterload                        0x080000f1   Thumb Code     0  entry5.o(.ARM.Collect$$$$00000004)
    __main_after_scatterload                 0x080000f5   Thumb Code     0  entry5.o(.ARM.Collect$$$$00000004)
    _main_clock                              0x080000f5   Thumb Code     0  entry7b.o(.ARM.Collect$$$$00000008)
    _main_cpp_init                           0x080000f5   Thumb Code     0  entry8b.o(.ARM.Collect$$$$0000000A)
    _main_init                               0x080000f5   Thumb Code     0  entry9a.o(.ARM.Collect$$$$0000000B)
    __rt_final_cpp                           0x080000fd   Thumb Code     0  entry10a.o(.ARM.Collect$$$$0000000D)
    __rt_final_exit                          0x080000fd   Thumb Code     0  entry11a.o(.ARM.Collect$$$$0000000F)
    Reset_Handler                            0x08000101   Thumb Code     8  startup_stm32f10x_md.o(.text)
    ADC1_2_IRQHandler                        0x0800011b   Thumb Code     0  startup_stm32f10x_md.o(.text)
    CAN1_RX1_IRQHandler                      0x0800011b   Thumb Code     0  startup_stm32f10x_md.o(.text)
    CAN1_SCE_IRQHandler                      0x0800011b   Thumb Code     0  startup_stm32f10x_md.o(.text)
    DMA1_Channel1_IRQHandler                 0x0800011b   Thumb Code     0  startup_stm32f10x_md.o(.text)
    DMA1_Channel2_IRQHandler                 0x0800011b   Thumb Code     0  startup_stm32f10x_md.o(.text)
    DMA1_Channel3_IRQHandler                 0x0800011b   Thumb Code     0  startup_stm32f10x_md.o(.text)
    DMA1_Channel4_IRQHandler                 0x0800011b   Thumb Code     0  startup_stm32f10x_md.o(.text)
    DMA1_Channel5_IRQHandler                 0x0800011b   Thumb Code     0  startup_stm32f10x_md.o(.text)
    DMA1_Channel6_IRQHandler                 0x0800011b   Thumb Code     0  startup_stm32f10x_md.o(.text)
    DMA1_Channel7_IRQHandler                 0x0800011b   Thumb Code     0  startup_stm32f10x_md.o(.text)
    EXTI0_IRQHandler                         0x0800011b   Thumb Code     0  startup_stm32f10x_md.o(.text)
    EXTI15_10_IRQHandler                     0x0800011b   Thumb Code     0  startup_stm32f10x_md.o(.text)
    EXTI1_IRQHandler                         0x0800011b   Thumb Code     0  startup_stm32f10x_md.o(.text)
    EXTI2_IRQHandler                         0x0800011b   Thumb Code     0  startup_stm32f10x_md.o(.text)
    EXTI3_IRQHandler                         0x0800011b   Thumb Code     0  startup_stm32f10x_md.o(.text)
    EXTI4_IRQHandler                         0x0800011b   Thumb Code     0  startup_stm32f10x_md.o(.text)
    EXTI9_5_IRQHandler                       0x0800011b   Thumb Code     0  startup_stm32f10x_md.o(.text)
    FLASH_IRQHandler                         0x0800011b   Thumb Code     0  startup_stm32f10x_md.o(.text)
    I2C1_ER_IRQHandler                       0x0800011b   Thumb Code     0  startup_stm32f10x_md.o(.text)
    I2C1_EV_IRQHandler                       0x0800011b   Thumb Code     0  startup_stm32f10x_md.o(.text)
    I2C2_ER_IRQHandler                       0x0800011b   Thumb Code     0  startup_stm32f10x_md.o(.text)
    I2C2_EV_IRQHandler                       0x0800011b   Thumb Code     0  startup_stm32f10x_md.o(.text)
    PVD_IRQHandler                           0x0800011b   Thumb Code     0  startup_stm32f10x_md.o(.text)
    RCC_IRQHandler                           0x0800011b   Thumb Code     0  startup_stm32f10x_md.o(.text)
    RTCAlarm_IRQHandler                      0x0800011b   Thumb Code     0  startup_stm32f10x_md.o(.text)
    RTC_IRQHandler                           0x0800011b   Thumb Code     0  startup_stm32f10x_md.o(.text)
    SPI1_IRQHandler                          0x0800011b   Thumb Code     0  startup_stm32f10x_md.o(.text)
    SPI2_IRQHandler                          0x0800011b   Thumb Code     0  startup_stm32f10x_md.o(.text)
    TAMPER_IRQHandler                        0x0800011b   Thumb Code     0  startup_stm32f10x_md.o(.text)
    TIM1_BRK_IRQHandler                      0x0800011b   Thumb Code     0  startup_stm32f10x_md.o(.text)
    TIM1_CC_IRQHandler                       0x0800011b   Thumb Code     0  startup_stm32f10x_md.o(.text)
    TIM1_TRG_COM_IRQHandler                  0x0800011b   Thumb Code     0  startup_stm32f10x_md.o(.text)
    TIM1_UP_IRQHandler                       0x0800011b   Thumb Code     0  startup_stm32f10x_md.o(.text)
    USART1_IRQHandler                        0x0800011b   Thumb Code     0  startup_stm32f10x_md.o(.text)
    USART2_IRQHandler                        0x0800011b   Thumb Code     0  startup_stm32f10x_md.o(.text)
    USART3_IRQHandler                        0x0800011b   Thumb Code     0  startup_stm32f10x_md.o(.text)
    USBWakeUp_IRQHandler                     0x0800011b   Thumb Code     0  startup_stm32f10x_md.o(.text)
    USB_HP_CAN1_TX_IRQHandler                0x0800011b   Thumb Code     0  startup_stm32f10x_md.o(.text)
    USB_LP_CAN1_RX0_IRQHandler               0x0800011b   Thumb Code     0  startup_stm32f10x_md.o(.text)
    WWDG_IRQHandler                          0x0800011b   Thumb Code     0  startup_stm32f10x_md.o(.text)
    cr4_fft_256_stm32                        0x08000125   Thumb Code     0  cr4_fft_256_stm32.o(.text)
    __aeabi_memset                           0x08000703   Thumb Code    14  memseta.o(.text)
    __aeabi_memset4                          0x08000703   Thumb Code     0  memseta.o(.text)
    __aeabi_memset8                          0x08000703   Thumb Code     0  memseta.o(.text)
    __aeabi_memclr                           0x08000711   Thumb Code     4  memseta.o(.text)
    __aeabi_memclr4                          0x08000711   Thumb Code     0  memseta.o(.text)
    __aeabi_memclr8                          0x08000711   Thumb Code     0  memseta.o(.text)
    _memset$wrapper                          0x08000715   Thumb Code    18  memseta.o(.text)
    __aeabi_fadd                             0x08000727   Thumb Code   164  fadd.o(.text)
    __aeabi_fsub                             0x080007cb   Thumb Code     6  fadd.o(.text)
    __aeabi_frsub                            0x080007d1   Thumb Code     6  fadd.o(.text)
    __aeabi_fmul                             0x080007d7   Thumb Code   100  fmul.o(.text)
    __aeabi_fdiv                             0x0800083b   Thumb Code   124  fdiv.o(.text)
    __aeabi_dadd                             0x080008b7   Thumb Code   322  dadd.o(.text)
    __aeabi_dsub                             0x080009f9   Thumb Code     6  dadd.o(.text)
    __aeabi_drsub                            0x080009ff   Thumb Code     6  dadd.o(.text)
    __aeabi_dmul                             0x08000a05   Thumb Code   228  dmul.o(.text)
    __aeabi_ddiv                             0x08000ae9   Thumb Code   222  ddiv.o(.text)
    __aeabi_i2f                              0x08000bc7   Thumb Code    18  fflti.o(.text)
    __aeabi_ui2f                             0x08000bd9   Thumb Code    10  ffltui.o(.text)
    __aeabi_i2d                              0x08000be3   Thumb Code    34  dflti.o(.text)
    __aeabi_ui2d                             0x08000c05   Thumb Code    26  dfltui.o(.text)
    __aeabi_f2uiz                            0x08000c1f   Thumb Code    40  ffixui.o(.text)
    __aeabi_d2uiz                            0x08000c47   Thumb Code    50  dfixui.o(.text)
    __aeabi_f2d                              0x08000c79   Thumb Code    38  f2d.o(.text)
    __aeabi_d2f                              0x08000c9f   Thumb Code    56  d2f.o(.text)
    __aeabi_cfcmpeq                          0x08000cd9   Thumb Code     0  cfcmple.o(.text)
    __aeabi_cfcmple                          0x08000cd9   Thumb Code    20  cfcmple.o(.text)
    __aeabi_cfrcmple                         0x08000ced   Thumb Code    20  cfrcmple.o(.text)
    __aeabi_uidiv                            0x08000d01   Thumb Code     0  uidiv.o(.text)
    __aeabi_uidivmod                         0x08000d01   Thumb Code    44  uidiv.o(.text)
    __aeabi_uldivmod                         0x08000d2d   Thumb Code    98  uldiv.o(.text)
    __aeabi_llsl                             0x08000d8f   Thumb Code    30  llshl.o(.text)
    _ll_shift_l                              0x08000d8f   Thumb Code     0  llshl.o(.text)
    __aeabi_llsr                             0x08000dad   Thumb Code    32  llushr.o(.text)
    _ll_ushift_r                             0x08000dad   Thumb Code     0  llushr.o(.text)
    __aeabi_lasr                             0x08000dcd   Thumb Code    36  llsshr.o(.text)
    _ll_sshift_r                             0x08000dcd   Thumb Code     0  llsshr.o(.text)
    __I$use$fp                               0x08000df1   Thumb Code     0  iusefp.o(.text)
    _float_round                             0x08000df1   Thumb Code    18  fepilogue.o(.text)
    _float_epilogue                          0x08000e03   Thumb Code    92  fepilogue.o(.text)
    _double_round                            0x08000e5f   Thumb Code    30  depilogue.o(.text)
    _double_epilogue                         0x08000e7d   Thumb Code   156  depilogue.o(.text)
    _dsqrt                                   0x08000f19   Thumb Code   162  dsqrt.o(.text)
    __aeabi_d2ulz                            0x08000fbb   Thumb Code    48  dfixul.o(.text)
    __aeabi_cdrcmple                         0x08000fed   Thumb Code    48  cdrcmple.o(.text)
    __scatterload                            0x0800101d   Thumb Code    28  init.o(.text)
    __scatterload_rt2                        0x0800101d   Thumb Code     0  init.o(.text)
    __decompress                             0x08001041   Thumb Code     0  __dczerorl2.o(.text)
    __decompress1                            0x08001041   Thumb Code    86  __dczerorl2.o(.text)
    ADC_Cmd                                  0x08001097   Thumb Code    22  stm32f10x_adc.o(i.ADC_Cmd)
    ADC_DeInit                               0x080010ad   Thumb Code    78  stm32f10x_adc.o(i.ADC_DeInit)
    ADC_GetCalibrationStatus                 0x08001109   Thumb Code    20  stm32f10x_adc.o(i.ADC_GetCalibrationStatus)
    ADC_GetConversionValue                   0x0800111d   Thumb Code     8  stm32f10x_adc.o(i.ADC_GetConversionValue)
    ADC_GetFlagStatus                        0x08001125   Thumb Code    18  stm32f10x_adc.o(i.ADC_GetFlagStatus)
    ADC_GetResetCalibrationStatus            0x08001137   Thumb Code    20  stm32f10x_adc.o(i.ADC_GetResetCalibrationStatus)
    ADC_Init                                 0x0800114d   Thumb Code    70  stm32f10x_adc.o(i.ADC_Init)
    ADC_RegularChannelConfig                 0x0800119d   Thumb Code   184  stm32f10x_adc.o(i.ADC_RegularChannelConfig)
    ADC_ResetCalibration                     0x08001255   Thumb Code    10  stm32f10x_adc.o(i.ADC_ResetCalibration)
    ADC_SoftwareStartConvCmd                 0x0800125f   Thumb Code    22  stm32f10x_adc.o(i.ADC_SoftwareStartConvCmd)
    ADC_StartCalibration                     0x08001275   Thumb Code    10  stm32f10x_adc.o(i.ADC_StartCalibration)
    Adc_Init                                 0x08001281   Thumb Code   166  adc.o(i.Adc_Init)
    BusFault_Handler                         0x08001331   Thumb Code     4  stm32f10x_it.o(i.BusFault_Handler)
    Date_face                                0x08001335   Thumb Code   202  oled.o(i.Date_face)
    DebugMon_Handler                         0x0800142d   Thumb Code     2  stm32f10x_it.o(i.DebugMon_Handler)
    GPIOB_config                             0x08001431   Thumb Code    38  measure.o(i.GPIOB_config)
    GPIO_Init                                0x0800145d   Thumb Code   278  stm32f10x_gpio.o(i.GPIO_Init)
    GPIO_ReadInputDataBit                    0x08001573   Thumb Code    18  stm32f10x_gpio.o(i.GPIO_ReadInputDataBit)
    GPIO_ResetBits                           0x08001585   Thumb Code     4  stm32f10x_gpio.o(i.GPIO_ResetBits)
    GPIO_SetBits                             0x08001589   Thumb Code     4  stm32f10x_gpio.o(i.GPIO_SetBits)
    Get_Adc                                  0x0800158d   Thumb Code    46  adc.o(i.Get_Adc)
    HardFault_Handler                        0x080015c1   Thumb Code     4  stm32f10x_it.o(i.HardFault_Handler)
    KEY_Scan                                 0x080015c5   Thumb Code    74  key.o(i.KEY_Scan)
    LED_Init                                 0x08001619   Thumb Code    48  led.o(i.LED_Init)
    MOSFET_CONTROL_INIT                      0x0800164d   Thumb Code    34  measure.o(i.MOSFET_CONTROL_INIT)
    Mag_tranf                                0x08001675   Thumb Code   220  fft256.o(i.Mag_tranf)
    Max_Min                                  0x08001761   Thumb Code   106  timer.o(i.Max_Min)
    Measure_Rin                              0x080017d9   Thumb Code   138  measure.o(i.Measure_Rin)
    Measure_Rout                             0x08001875   Thumb Code   224  measure.o(i.Measure_Rout)
    Measure_gain                             0x080019ad   Thumb Code    26  measure.o(i.Measure_gain)
    MemManage_Handler                        0x080019d5   Thumb Code     4  stm32f10x_it.o(i.MemManage_Handler)
    NMI_Handler                              0x080019d9   Thumb Code     2  stm32f10x_it.o(i.NMI_Handler)
    NVIC_Configuration                       0x080019db   Thumb Code    12  sys.o(i.NVIC_Configuration)
    NVIC_Init                                0x080019e9   Thumb Code   100  misc.o(i.NVIC_Init)
    NVIC_PriorityGroupConfig                 0x08001a59   Thumb Code    10  misc.o(i.NVIC_PriorityGroupConfig)
    OLED_Clear                               0x08001a6d   Thumb Code    42  oled.o(i.OLED_Clear)
    OLED_DrawPoint                           0x08001a9d   Thumb Code   100  oled.o(i.OLED_DrawPoint)
    OLED_Init                                0x08001b05   Thumb Code   336  oled.o(i.OLED_Init)
    OLED_Refresh_Gram                        0x08001c59   Thumb Code    70  oled.o(i.OLED_Refresh_Gram)
    OLED_Set_Pos                             0x08001ca5   Thumb Code    46  oled.o(i.OLED_Set_Pos)
    OLED_ShowChar                            0x08001cd5   Thumb Code   106  oled.o(i.OLED_ShowChar)
    OLED_ShowString                          0x08001d45   Thumb Code    54  oled.o(i.OLED_ShowString)
    OLED_Showfloat                           0x08001d7d   Thumb Code   226  oled.o(i.OLED_Showfloat)
    OLED_WR_Byte                             0x08001e69   Thumb Code   120  oled.o(i.OLED_WR_Byte)
    PendSV_Handler                           0x08001ee5   Thumb Code     2  stm32f10x_it.o(i.PendSV_Handler)
    RCC_ADCCLKConfig                         0x08001ee9   Thumb Code    18  stm32f10x_rcc.o(i.RCC_ADCCLKConfig)
    RCC_APB1PeriphClockCmd                   0x08001f01   Thumb Code    26  stm32f10x_rcc.o(i.RCC_APB1PeriphClockCmd)
    RCC_APB2PeriphClockCmd                   0x08001f21   Thumb Code    26  stm32f10x_rcc.o(i.RCC_APB2PeriphClockCmd)
    RCC_APB2PeriphResetCmd                   0x08001f41   Thumb Code    26  stm32f10x_rcc.o(i.RCC_APB2PeriphResetCmd)
    RCC_GetClocksFreq                        0x08001f61   Thumb Code   192  stm32f10x_rcc.o(i.RCC_GetClocksFreq)
    R_A_Display                              0x08002035   Thumb Code   122  oled.o(i.R_A_Display)
    Re_Data_U                                0x080020dd   Thumb Code     4  timer.o(i.Re_Data_U)
    SVC_Handler                              0x080020e5   Thumb Code     2  stm32f10x_it.o(i.SVC_Handler)
    SysTick_CLKSourceConfig                  0x080021d1   Thumb Code    40  misc.o(i.SysTick_CLKSourceConfig)
    SysTick_Handler                          0x080021f9   Thumb Code     2  stm32f10x_it.o(i.SysTick_Handler)
    SystemInit                               0x0800225d   Thumb Code    78  system_stm32f10x.o(i.SystemInit)
    THD_Cal                                  0x080022bd   Thumb Code   174  fft256.o(i.THD_Cal)
    TIM2_Cap_Init                            0x08002379   Thumb Code   138  timer.o(i.TIM2_Cap_Init)
    TIM2_IRQHandler                          0x08002409   Thumb Code   132  timer.o(i.TIM2_IRQHandler)
    TIM3_IRQHandler                          0x0800249d   Thumb Code    82  timer.o(i.TIM3_IRQHandler)
    TIM3_Int_Init                            0x080024fd   Thumb Code    90  timer.o(i.TIM3_Int_Init)
    TIM3_PWN_Init                            0x0800255d   Thumb Code   126  timer.o(i.TIM3_PWN_Init)
    TIM4_IRQHandler                          0x080025e5   Thumb Code    80  tim.o(i.TIM4_IRQHandler)
    TIM4_Init                                0x08002641   Thumb Code    90  tim.o(i.TIM4_Init)
    TIM4_start                               0x080026a1   Thumb Code    22  tim.o(i.TIM4_start)
    TIM_ClearITPendingBit                    0x080026bd   Thumb Code     6  stm32f10x_tim.o(i.TIM_ClearITPendingBit)
    TIM_Cmd                                  0x080026c3   Thumb Code    24  stm32f10x_tim.o(i.TIM_Cmd)
    TIM_GetITStatus                          0x080026db   Thumb Code    34  stm32f10x_tim.o(i.TIM_GetITStatus)
    TIM_ITConfig                             0x080026fd   Thumb Code    18  stm32f10x_tim.o(i.TIM_ITConfig)
    TIM_OC2Init                              0x08002711   Thumb Code   154  stm32f10x_tim.o(i.TIM_OC2Init)
    TIM_OC2PreloadConfig                     0x080027b5   Thumb Code    26  stm32f10x_tim.o(i.TIM_OC2PreloadConfig)
    TIM_SetCompare2                          0x080027cf   Thumb Code     4  stm32f10x_tim.o(i.TIM_SetCompare2)
    TIM_TimeBaseInit                         0x080027d5   Thumb Code   122  stm32f10x_tim.o(i.TIM_TimeBaseInit)
    U0_AD_Max_Min                            0x08002879   Thumb Code   108  tim.o(i.U0_AD_Max_Min)
    USART_Cmd                                0x080028f1   Thumb Code    24  stm32f10x_usart.o(i.USART_Cmd)
    USART_GetFlagStatus                      0x08002909   Thumb Code    26  stm32f10x_usart.o(i.USART_GetFlagStatus)
    USART_Init                               0x08002925   Thumb Code   210  stm32f10x_usart.o(i.USART_Init)
    USART_SendData                           0x080029fd   Thumb Code     8  stm32f10x_usart.o(i.USART_SendData)
    USART_init                               0x08002a05   Thumb Code   118  usart.o(i.USART_init)
    UsageFault_Handler                       0x08002a85   Thumb Code     4  stm32f10x_it.o(i.UsageFault_Handler)
    WaveDisplay                              0x08002a89   Thumb Code   104  oled.o(i.WaveDisplay)
    __0printf                                0x08002afd   Thumb Code    22  printfa.o(i.__0printf)
    __1printf                                0x08002afd   Thumb Code     0  printfa.o(i.__0printf)
    __2printf                                0x08002afd   Thumb Code     0  printfa.o(i.__0printf)
    __c89printf                              0x08002afd   Thumb Code     0  printfa.o(i.__0printf)
    printf                                   0x08002afd   Thumb Code     0  printfa.o(i.__0printf)
    __scatterload_copy                       0x08002b1d   Thumb Code    14  handlers.o(i.__scatterload_copy)
    __scatterload_null                       0x08002b2b   Thumb Code     2  handlers.o(i.__scatterload_null)
    __scatterload_zeroinit                   0x08002b2d   Thumb Code    14  handlers.o(i.__scatterload_zeroinit)
    __set_errno                              0x08002b3d   Thumb Code     6  errno.o(i.__set_errno)
    delay_Init                               0x080033fd   Thumb Code    50  delay.o(i.delay_Init)
    delay_ms                                 0x08003441   Thumb Code    66  delay.o(i.delay_ms)
    fft_mag_tranf                            0x08003489   Thumb Code    16  fft256.o(i.fft_mag_tranf)
    fft_tranf                                0x08003499   Thumb Code    18  fft256.o(i.fft_tranf)
    fputc                                    0x080034b1   Thumb Code    32  usart.o(i.fputc)
    getFreq_fft                              0x080034d5   Thumb Code    76  fft256.o(i.getFreq_fft)
    main                                     0x08003529   Thumb Code   104  main.o(i.main)
    pri_Data_U                               0x08003599   Thumb Code    44  timer.o(i.pri_Data_U)
    pri_R_A                                  0x080035cd   Thumb Code    76  oled.o(i.pri_R_A)
    sqrt                                     0x0800362d   Thumb Code    76  sqrt.o(i.sqrt)
    test_fft                                 0x08003679   Thumb Code    90  fft256.o(i.test_fft)
    F6x8                                     0x080036e8   Data         552  oled.o(.constdata)
    F8X16                                    0x08003910   Data        1520  oled.o(.constdata)
    asc2_1206                                0x08003f00   Data        1140  oled.o(.constdata)
    asc2_1608                                0x08004374   Data        1520  oled.o(.constdata)
    asc2_2412                                0x08004964   Data        3420  oled.o(.constdata)
    Region$$Table$$Base                      0x080056c0   Number         0  anon$$obj.o(Region$$Table)
    Region$$Table$$Limit                     0x080056e0   Number         0  anon$$obj.o(Region$$Table)
    BMP1                                     0x20000000   Data        1024  main.o(.data)
    BMP2                                     0x20000400   Data        1024  main.o(.data)
    BMP3                                     0x20000800   Data        1024  main.o(.data)
    BMP4                                     0x20000c00   Data        1024  main.o(.data)
    BMP5                                     0x20001000   Data        1024  main.o(.data)
    BMP6                                     0x20001400   Data        1024  main.o(.data)
    qwer                                     0x20001800   Data        1024  main.o(.data)
    SystemCoreClock                          0x20001c00   Data           4  system_stm32f10x.o(.data)
    AHBPrescTable                            0x20001c04   Data          16  system_stm32f10x.o(.data)
    n                                        0x20001c28   Data           2  tim.o(.data)
    Hzk                                      0x20001c2c   Data         384  oled.o(.data)
    data                                     0x20001dac   Data         256  oled.o(.data)
    Rin                                      0x20001eac   Data           4  oled.o(.data)
    Rout                                     0x20001eb0   Data           4  oled.o(.data)
    A0                                       0x20001eb4   Data           4  oled.o(.data)
    THD                                      0x20001eb8   Data           4  oled.o(.data)
    N                                        0x20001ec0   Data           2  timer.o(.data)
    ADC_Max                                  0x20001ec4   Data           4  timer.o(.data)
    ADC_Min                                  0x20001ec8   Data           4  timer.o(.data)
    TIM2CH1_CAPTURE_STA                      0x20001ecc   Data           1  timer.o(.data)
    TIM2CH1_CAPTURE_VAL                      0x20001ece   Data           2  timer.o(.data)
    top_u1                                   0x20001ed0   Data           4  measure.o(.data)
    top_u2                                   0x20001ed4   Data           4  measure.o(.data)
    __stdout                                 0x20001ed8   Data           4  stdout.o(.data)
    Date_U0_AD                               0x20001ee0   Data         400  tim.o(.bss)
    OLED_GRAM                                0x20002070   Data        1024  oled.o(.bss)
    TIM1IC_CHANNEL2                          0x20002470   Data          20  timer.o(.bss)
    Date_U                                   0x20002484   Data        1024  timer.o(.bss)
    TIM2_ICInitStructure                     0x20002884   Data          10  timer.o(.bss)
    adc_buf                                  0x20002890   Data        1024  fft256.o(.bss)
    lBufOutArray                             0x20002c90   Data         512  fft256.o(.bss)
    lBufMagArray                             0x20002e90   Data         512  fft256.o(.bss)
    __initial_sp                             0x20003490   Data           0  startup_stm32f10x_md.o(STACK)



==============================================================================

Memory Map of the image

  Image Entry point : 0x080000ed

  Load Region LR_IROM1 (Base: 0x08000000, Size: 0x000075c0, Max: 0x00010000, ABSOLUTE, COMPRESSED[0x00006110])

    Execution Region ER_IROM1 (Exec base: 0x08000000, Load base: 0x08000000, Size: 0x000056e0, Max: 0x00010000, ABSOLUTE)

    Exec Addr    Load Addr    Size         Type   Attr      Idx    E Section Name        Object

    0x08000000   0x08000000   0x000000ec   Data   RO          266    RESET               startup_stm32f10x_md.o
    0x080000ec   0x080000ec   0x00000000   Code   RO         3798  * .ARM.Collect$$$$00000000  mc_w.l(entry.o)
    0x080000ec   0x080000ec   0x00000004   Code   RO         4096    .ARM.Collect$$$$00000001  mc_w.l(entry2.o)
    0x080000f0   0x080000f0   0x00000004   Code   RO         4099    .ARM.Collect$$$$00000004  mc_w.l(entry5.o)
    0x080000f4   0x080000f4   0x00000000   Code   RO         4101    .ARM.Collect$$$$00000008  mc_w.l(entry7b.o)
    0x080000f4   0x080000f4   0x00000000   Code   RO         4103    .ARM.Collect$$$$0000000A  mc_w.l(entry8b.o)
    0x080000f4   0x080000f4   0x00000008   Code   RO         4104    .ARM.Collect$$$$0000000B  mc_w.l(entry9a.o)
    0x080000fc   0x080000fc   0x00000000   Code   RO         4106    .ARM.Collect$$$$0000000D  mc_w.l(entry10a.o)
    0x080000fc   0x080000fc   0x00000000   Code   RO         4108    .ARM.Collect$$$$0000000F  mc_w.l(entry11a.o)
    0x080000fc   0x080000fc   0x00000004   Code   RO         4097    .ARM.Collect$$$$00002712  mc_w.l(entry2.o)
    0x08000100   0x08000100   0x00000024   Code   RO          267    .text               startup_stm32f10x_md.o
    0x08000124   0x08000124   0x000005de   Code   RO          271    .text               cr4_fft_256_stm32.o
    0x08000702   0x08000702   0x00000024   Code   RO         3801    .text               mc_w.l(memseta.o)
    0x08000726   0x08000726   0x000000b0   Code   RO         4064    .text               mf_w.l(fadd.o)
    0x080007d6   0x080007d6   0x00000064   Code   RO         4066    .text               mf_w.l(fmul.o)
    0x0800083a   0x0800083a   0x0000007c   Code   RO         4068    .text               mf_w.l(fdiv.o)
    0x080008b6   0x080008b6   0x0000014e   Code   RO         4070    .text               mf_w.l(dadd.o)
    0x08000a04   0x08000a04   0x000000e4   Code   RO         4072    .text               mf_w.l(dmul.o)
    0x08000ae8   0x08000ae8   0x000000de   Code   RO         4074    .text               mf_w.l(ddiv.o)
    0x08000bc6   0x08000bc6   0x00000012   Code   RO         4076    .text               mf_w.l(fflti.o)
    0x08000bd8   0x08000bd8   0x0000000a   Code   RO         4078    .text               mf_w.l(ffltui.o)
    0x08000be2   0x08000be2   0x00000022   Code   RO         4080    .text               mf_w.l(dflti.o)
    0x08000c04   0x08000c04   0x0000001a   Code   RO         4082    .text               mf_w.l(dfltui.o)
    0x08000c1e   0x08000c1e   0x00000028   Code   RO         4084    .text               mf_w.l(ffixui.o)
    0x08000c46   0x08000c46   0x00000032   Code   RO         4086    .text               mf_w.l(dfixui.o)
    0x08000c78   0x08000c78   0x00000026   Code   RO         4088    .text               mf_w.l(f2d.o)
    0x08000c9e   0x08000c9e   0x00000038   Code   RO         4090    .text               mf_w.l(d2f.o)
    0x08000cd6   0x08000cd6   0x00000002   PAD
    0x08000cd8   0x08000cd8   0x00000014   Code   RO         4092    .text               mf_w.l(cfcmple.o)
    0x08000cec   0x08000cec   0x00000014   Code   RO         4094    .text               mf_w.l(cfrcmple.o)
    0x08000d00   0x08000d00   0x0000002c   Code   RO         4111    .text               mc_w.l(uidiv.o)
    0x08000d2c   0x08000d2c   0x00000062   Code   RO         4113    .text               mc_w.l(uldiv.o)
    0x08000d8e   0x08000d8e   0x0000001e   Code   RO         4115    .text               mc_w.l(llshl.o)
    0x08000dac   0x08000dac   0x00000020   Code   RO         4117    .text               mc_w.l(llushr.o)
    0x08000dcc   0x08000dcc   0x00000024   Code   RO         4119    .text               mc_w.l(llsshr.o)
    0x08000df0   0x08000df0   0x00000000   Code   RO         4128    .text               mc_w.l(iusefp.o)
    0x08000df0   0x08000df0   0x0000006e   Code   RO         4129    .text               mf_w.l(fepilogue.o)
    0x08000e5e   0x08000e5e   0x000000ba   Code   RO         4131    .text               mf_w.l(depilogue.o)
    0x08000f18   0x08000f18   0x000000a2   Code   RO         4133    .text               mf_w.l(dsqrt.o)
    0x08000fba   0x08000fba   0x00000030   Code   RO         4135    .text               mf_w.l(dfixul.o)
    0x08000fea   0x08000fea   0x00000002   PAD
    0x08000fec   0x08000fec   0x00000030   Code   RO         4139    .text               mf_w.l(cdrcmple.o)
    0x0800101c   0x0800101c   0x00000024   Code   RO         4141    .text               mc_w.l(init.o)
    0x08001040   0x08001040   0x00000056   Code   RO         4151    .text               mc_w.l(__dczerorl2.o)
    0x08001096   0x08001096   0x00000016   Code   RO          342    i.ADC_Cmd           stm32f10x_adc.o
    0x080010ac   0x080010ac   0x0000005c   Code   RO          344    i.ADC_DeInit        stm32f10x_adc.o
    0x08001108   0x08001108   0x00000014   Code   RO          350    i.ADC_GetCalibrationStatus  stm32f10x_adc.o
    0x0800111c   0x0800111c   0x00000008   Code   RO          351    i.ADC_GetConversionValue  stm32f10x_adc.o
    0x08001124   0x08001124   0x00000012   Code   RO          353    i.ADC_GetFlagStatus  stm32f10x_adc.o
    0x08001136   0x08001136   0x00000014   Code   RO          356    i.ADC_GetResetCalibrationStatus  stm32f10x_adc.o
    0x0800114a   0x0800114a   0x00000002   PAD
    0x0800114c   0x0800114c   0x00000050   Code   RO          360    i.ADC_Init          stm32f10x_adc.o
    0x0800119c   0x0800119c   0x000000b8   Code   RO          364    i.ADC_RegularChannelConfig  stm32f10x_adc.o
    0x08001254   0x08001254   0x0000000a   Code   RO          365    i.ADC_ResetCalibration  stm32f10x_adc.o
    0x0800125e   0x0800125e   0x00000016   Code   RO          367    i.ADC_SoftwareStartConvCmd  stm32f10x_adc.o
    0x08001274   0x08001274   0x0000000a   Code   RO          369    i.ADC_StartCalibration  stm32f10x_adc.o
    0x0800127e   0x0800127e   0x00000002   PAD
    0x08001280   0x08001280   0x000000b0   Code   RO         3595    i.Adc_Init          adc.o
    0x08001330   0x08001330   0x00000004   Code   RO          156    i.BusFault_Handler  stm32f10x_it.o
    0x08001334   0x08001334   0x000000f8   Code   RO         3368    i.Date_face         oled.o
    0x0800142c   0x0800142c   0x00000002   Code   RO          157    i.DebugMon_Handler  stm32f10x_it.o
    0x0800142e   0x0800142e   0x00000002   PAD
    0x08001430   0x08001430   0x0000002c   Code   RO         3750    i.GPIOB_config      measure.o
    0x0800145c   0x0800145c   0x00000116   Code   RO         1451    i.GPIO_Init         stm32f10x_gpio.o
    0x08001572   0x08001572   0x00000012   Code   RO         1455    i.GPIO_ReadInputDataBit  stm32f10x_gpio.o
    0x08001584   0x08001584   0x00000004   Code   RO         1458    i.GPIO_ResetBits    stm32f10x_gpio.o
    0x08001588   0x08001588   0x00000004   Code   RO         1459    i.GPIO_SetBits      stm32f10x_gpio.o
    0x0800158c   0x0800158c   0x00000034   Code   RO         3596    i.Get_Adc           adc.o
    0x080015c0   0x080015c0   0x00000004   Code   RO          158    i.HardFault_Handler  stm32f10x_it.o
    0x080015c4   0x080015c4   0x00000054   Code   RO         3349    i.KEY_Scan          key.o
    0x08001618   0x08001618   0x00000034   Code   RO         3267    i.LED_Init          led.o
    0x0800164c   0x0800164c   0x00000028   Code   RO         3751    i.MOSFET_CONTROL_INIT  measure.o
    0x08001674   0x08001674   0x000000ec   Code   RO         3701    i.Mag_tranf         fft256.o
    0x08001760   0x08001760   0x00000078   Code   RO         3620    i.Max_Min           timer.o
    0x080017d8   0x080017d8   0x0000009c   Code   RO         3752    i.Measure_Rin       measure.o
    0x08001874   0x08001874   0x00000138   Code   RO         3753    i.Measure_Rout      measure.o
    0x080019ac   0x080019ac   0x00000028   Code   RO         3754    i.Measure_gain      measure.o
    0x080019d4   0x080019d4   0x00000004   Code   RO          159    i.MemManage_Handler  stm32f10x_it.o
    0x080019d8   0x080019d8   0x00000002   Code   RO          160    i.NMI_Handler       stm32f10x_it.o
    0x080019da   0x080019da   0x0000000c   Code   RO         3319    i.NVIC_Configuration  sys.o
    0x080019e6   0x080019e6   0x00000002   PAD
    0x080019e8   0x080019e8   0x00000070   Code   RO          274    i.NVIC_Init         misc.o
    0x08001a58   0x08001a58   0x00000014   Code   RO          275    i.NVIC_PriorityGroupConfig  misc.o
    0x08001a6c   0x08001a6c   0x00000030   Code   RO         3369    i.OLED_Clear        oled.o
    0x08001a9c   0x08001a9c   0x00000068   Code   RO         3373    i.OLED_DrawPoint    oled.o
    0x08001b04   0x08001b04   0x00000154   Code   RO         3375    i.OLED_Init         oled.o
    0x08001c58   0x08001c58   0x0000004c   Code   RO         3376    i.OLED_Refresh_Gram  oled.o
    0x08001ca4   0x08001ca4   0x0000002e   Code   RO         3377    i.OLED_Set_Pos      oled.o
    0x08001cd2   0x08001cd2   0x00000002   PAD
    0x08001cd4   0x08001cd4   0x00000070   Code   RO         3379    i.OLED_ShowChar     oled.o
    0x08001d44   0x08001d44   0x00000036   Code   RO         3381    i.OLED_ShowString   oled.o
    0x08001d7a   0x08001d7a   0x00000002   PAD
    0x08001d7c   0x08001d7c   0x000000ec   Code   RO         3382    i.OLED_Showfloat    oled.o
    0x08001e68   0x08001e68   0x0000007c   Code   RO         3383    i.OLED_WR_Byte      oled.o
    0x08001ee4   0x08001ee4   0x00000002   Code   RO          161    i.PendSV_Handler    stm32f10x_it.o
    0x08001ee6   0x08001ee6   0x00000002   PAD
    0x08001ee8   0x08001ee8   0x00000018   Code   RO         1865    i.RCC_ADCCLKConfig  stm32f10x_rcc.o
    0x08001f00   0x08001f00   0x00000020   Code   RO         1867    i.RCC_APB1PeriphClockCmd  stm32f10x_rcc.o
    0x08001f20   0x08001f20   0x00000020   Code   RO         1869    i.RCC_APB2PeriphClockCmd  stm32f10x_rcc.o
    0x08001f40   0x08001f40   0x00000020   Code   RO         1870    i.RCC_APB2PeriphResetCmd  stm32f10x_rcc.o
    0x08001f60   0x08001f60   0x000000d4   Code   RO         1877    i.RCC_GetClocksFreq  stm32f10x_rcc.o
    0x08002034   0x08002034   0x000000a8   Code   RO         3384    i.R_A_Display       oled.o
    0x080020dc   0x080020dc   0x00000008   Code   RO         3621    i.Re_Data_U         timer.o
    0x080020e4   0x080020e4   0x00000002   Code   RO          162    i.SVC_Handler       stm32f10x_it.o
    0x080020e6   0x080020e6   0x00000008   Code   RO          219    i.SetSysClock       system_stm32f10x.o
    0x080020ee   0x080020ee   0x00000002   PAD
    0x080020f0   0x080020f0   0x000000e0   Code   RO          220    i.SetSysClockTo72   system_stm32f10x.o
    0x080021d0   0x080021d0   0x00000028   Code   RO          278    i.SysTick_CLKSourceConfig  misc.o
    0x080021f8   0x080021f8   0x00000002   Code   RO          163    i.SysTick_Handler   stm32f10x_it.o
    0x080021fa   0x080021fa   0x00000002   PAD
    0x080021fc   0x080021fc   0x00000060   Code   RO            1    i.SystemInit        main.o
    0x0800225c   0x0800225c   0x00000060   Code   RO          222    i.SystemInit        system_stm32f10x.o
    0x080022bc   0x080022bc   0x000000bc   Code   RO         3702    i.THD_Cal           fft256.o
    0x08002378   0x08002378   0x00000090   Code   RO         3623    i.TIM2_Cap_Init     timer.o
    0x08002408   0x08002408   0x00000094   Code   RO         3624    i.TIM2_IRQHandler   timer.o
    0x0800249c   0x0800249c   0x00000060   Code   RO         3625    i.TIM3_IRQHandler   timer.o
    0x080024fc   0x080024fc   0x00000060   Code   RO         3626    i.TIM3_Int_Init     timer.o
    0x0800255c   0x0800255c   0x00000088   Code   RO         3627    i.TIM3_PWN_Init     timer.o
    0x080025e4   0x080025e4   0x0000005c   Code   RO         3280    i.TIM4_IRQHandler   tim.o
    0x08002640   0x08002640   0x00000060   Code   RO         3281    i.TIM4_Init         tim.o
    0x080026a0   0x080026a0   0x0000001c   Code   RO         3282    i.TIM4_start        tim.o
    0x080026bc   0x080026bc   0x00000006   Code   RO         2496    i.TIM_ClearITPendingBit  stm32f10x_tim.o
    0x080026c2   0x080026c2   0x00000018   Code   RO         2501    i.TIM_Cmd           stm32f10x_tim.o
    0x080026da   0x080026da   0x00000022   Code   RO         2522    i.TIM_GetITStatus   stm32f10x_tim.o
    0x080026fc   0x080026fc   0x00000012   Code   RO         2526    i.TIM_ITConfig      stm32f10x_tim.o
    0x0800270e   0x0800270e   0x00000002   PAD
    0x08002710   0x08002710   0x000000a4   Code   RO         2535    i.TIM_OC2Init       stm32f10x_tim.o
    0x080027b4   0x080027b4   0x0000001a   Code   RO         2538    i.TIM_OC2PreloadConfig  stm32f10x_tim.o
    0x080027ce   0x080027ce   0x00000004   Code   RO         2563    i.TIM_SetCompare2   stm32f10x_tim.o
    0x080027d2   0x080027d2   0x00000002   PAD
    0x080027d4   0x080027d4   0x000000a4   Code   RO         2572    i.TIM_TimeBaseInit  stm32f10x_tim.o
    0x08002878   0x08002878   0x00000078   Code   RO         3283    i.U0_AD_Max_Min     tim.o
    0x080028f0   0x080028f0   0x00000018   Code   RO         3037    i.USART_Cmd         stm32f10x_usart.o
    0x08002908   0x08002908   0x0000001a   Code   RO         3040    i.USART_GetFlagStatus  stm32f10x_usart.o
    0x08002922   0x08002922   0x00000002   PAD
    0x08002924   0x08002924   0x000000d8   Code   RO         3044    i.USART_Init        stm32f10x_usart.o
    0x080029fc   0x080029fc   0x00000008   Code   RO         3054    i.USART_SendData    stm32f10x_usart.o
    0x08002a04   0x08002a04   0x00000080   Code   RO         3331    i.USART_init        usart.o
    0x08002a84   0x08002a84   0x00000004   Code   RO          164    i.UsageFault_Handler  stm32f10x_it.o
    0x08002a88   0x08002a88   0x00000074   Code   RO         3385    i.WaveDisplay       oled.o
    0x08002afc   0x08002afc   0x00000020   Code   RO         4036    i.__0printf         mc_w.l(printfa.o)
    0x08002b1c   0x08002b1c   0x0000000e   Code   RO         4145    i.__scatterload_copy  mc_w.l(handlers.o)
    0x08002b2a   0x08002b2a   0x00000002   Code   RO         4146    i.__scatterload_null  mc_w.l(handlers.o)
    0x08002b2c   0x08002b2c   0x0000000e   Code   RO         4147    i.__scatterload_zeroinit  mc_w.l(handlers.o)
    0x08002b3a   0x08002b3a   0x00000002   PAD
    0x08002b3c   0x08002b3c   0x0000000c   Code   RO         4123    i.__set_errno       mc_w.l(errno.o)
    0x08002b48   0x08002b48   0x00000184   Code   RO         4043    i._fp_digits        mc_w.l(printfa.o)
    0x08002ccc   0x08002ccc   0x000006dc   Code   RO         4044    i._printf_core      mc_w.l(printfa.o)
    0x080033a8   0x080033a8   0x00000024   Code   RO         4045    i._printf_post_padding  mc_w.l(printfa.o)
    0x080033cc   0x080033cc   0x0000002e   Code   RO         4046    i._printf_pre_padding  mc_w.l(printfa.o)
    0x080033fa   0x080033fa   0x00000002   PAD
    0x080033fc   0x080033fc   0x00000044   Code   RO         3510    i.delay_Init        delay.o
    0x08003440   0x08003440   0x00000048   Code   RO         3511    i.delay_ms          delay.o
    0x08003488   0x08003488   0x00000010   Code   RO         3703    i.fft_mag_tranf     fft256.o
    0x08003498   0x08003498   0x00000018   Code   RO         3704    i.fft_tranf         fft256.o
    0x080034b0   0x080034b0   0x00000024   Code   RO         3332    i.fputc             usart.o
    0x080034d4   0x080034d4   0x00000054   Code   RO         3705    i.getFreq_fft       fft256.o
    0x08003528   0x08003528   0x00000070   Code   RO            2    i.main              main.o
    0x08003598   0x08003598   0x00000034   Code   RO         3629    i.pri_Data_U        timer.o
    0x080035cc   0x080035cc   0x00000060   Code   RO         3387    i.pri_R_A           oled.o
    0x0800362c   0x0800362c   0x0000004c   Code   RO         3791    i.sqrt              m_ws.l(sqrt.o)
    0x08003678   0x08003678   0x00000070   Code   RO         3706    i.test_fft          fft256.o
    0x080036e8   0x080036e8   0x00001fd8   Data   RO         3389    .constdata          oled.o
    0x080056c0   0x080056c0   0x00000020   Data   RO         4143    Region$$Table       anon$$obj.o


    Execution Region RW_IRAM1 (Exec base: 0x20000000, Load base: 0x080056e0, Size: 0x00003490, Max: 0x00005000, ABSOLUTE, COMPRESSED[0x00000a30])

    Exec Addr    Load Addr    Size         Type   Attr      Idx    E Section Name        Object

    0x20000000   COMPRESSED   0x00001c00   Data   RW            3    .data               main.o
    0x20001c00   COMPRESSED   0x00000014   Data   RW          223    .data               system_stm32f10x.o
    0x20001c14   COMPRESSED   0x00000014   Data   RW         1897    .data               stm32f10x_rcc.o
    0x20001c28   COMPRESSED   0x00000002   Data   RW         3285    .data               tim.o
    0x20001c2a   COMPRESSED   0x00000001   Data   RW         3351    .data               key.o
    0x20001c2b   COMPRESSED   0x00000001   PAD
    0x20001c2c   COMPRESSED   0x00000290   Data   RW         3390    .data               oled.o
    0x20001ebc   COMPRESSED   0x00000004   Data   RW         3513    .data               delay.o
    0x20001ec0   COMPRESSED   0x00000010   Data   RW         3632    .data               timer.o
    0x20001ed0   COMPRESSED   0x00000008   Data   RW         3755    .data               measure.o
    0x20001ed8   COMPRESSED   0x00000004   Data   RW         4110    .data               mc_w.l(stdout.o)
    0x20001edc   COMPRESSED   0x00000004   Data   RW         4124    .data               mc_w.l(errno.o)
    0x20001ee0        -       0x00000190   Zero   RW         3284    .bss                tim.o
    0x20002070        -       0x00000400   Zero   RW         3388    .bss                oled.o
    0x20002470        -       0x0000041e   Zero   RW         3631    .bss                timer.o
    0x2000288e   COMPRESSED   0x00000002   PAD
    0x20002890        -       0x00000800   Zero   RW         3707    .bss                fft256.o
    0x20003090        -       0x00000400   Zero   RW          264    STACK               startup_stm32f10x_md.o


==============================================================================

Image component sizes


      Code (inc. data)   RO Data    RW Data    ZI Data      Debug   Object Name

       228         16          0          0          0       1205   adc.o
         0          0          0          0          0         32   core_cm3.o
      1502       1008          0          0          0        324   cr4_fft_256_stm32.o
       140         24          0          4          0       4392   delay.o
       660         66          0          0       2048       4371   fft256.o
        84         10          0          1          0        631   key.o
        52          4          0          0          0        511   led.o
       208         14          0       7168          0      52456   main.o
       592        132          0          8          0       3165   measure.o
       172         22          0          0          0     214709   misc.o
      1768        164       8152        656       1024       9865   oled.o
        36          8        236          0       1024        808   startup_stm32f10x_md.o
       486         24          0          0          0       8978   stm32f10x_adc.o
       304          0          0          0          0       3812   stm32f10x_gpio.o
        26          0          0          0          0       4134   stm32f10x_it.o
       332         44          0         20          0       5774   stm32f10x_rcc.o
       440         52          0          0          0       5677   stm32f10x_tim.o
       274          6          0          0          0       4168   stm32f10x_usart.o
        12          0          0          0          0        485   sys.o
       328         28          0         20          0       2321   system_stm32f10x.o
       336         36          0          2        400       3002   tim.o
       800         78          0         16       1054       5891   timer.o
       164         14          0          0          0       1257   usart.o

    ----------------------------------------------------------------------
      8968       1750       8420       7896       5552     337968   Object Totals
         0          0         32          0          0          0   (incl. Generated)
        24          0          0          1          2          0   (incl. Padding)

    ----------------------------------------------------------------------

      Code (inc. data)   RO Data    RW Data    ZI Data      Debug   Library Member Name

        76          0          0          0          0         84   sqrt.o
        86          0          0          0          0          0   __dczerorl2.o
         0          0          0          0          0          0   entry.o
         0          0          0          0          0          0   entry10a.o
         0          0          0          0          0          0   entry11a.o
         8          4          0          0          0          0   entry2.o
         4          0          0          0          0          0   entry5.o
         0          0          0          0          0          0   entry7b.o
         0          0          0          0          0          0   entry8b.o
         8          4          0          0          0          0   entry9a.o
        12          6          0          4          0         68   errno.o
        30          0          0          0          0          0   handlers.o
        36          8          0          0          0         68   init.o
         0          0          0          0          0          0   iusefp.o
        30          0          0          0          0         68   llshl.o
        36          0          0          0          0         68   llsshr.o
        32          0          0          0          0         68   llushr.o
        36          0          0          0          0        108   memseta.o
      2258         90          0          0          0        452   printfa.o
         0          0          0          4          0          0   stdout.o
        44          0          0          0          0         80   uidiv.o
        98          0          0          0          0         92   uldiv.o
        48          0          0          0          0         68   cdrcmple.o
        20          0          0          0          0         68   cfcmple.o
        20          0          0          0          0         68   cfrcmple.o
        56          0          0          0          0         88   d2f.o
       334          0          0          0          0        148   dadd.o
       222          0          0          0          0        100   ddiv.o
       186          0          0          0          0        176   depilogue.o
        50          0          0          0          0         76   dfixui.o
        48          0          0          0          0         68   dfixul.o
        34          0          0          0          0         76   dflti.o
        26          0          0          0          0         76   dfltui.o
       228          0          0          0          0         96   dmul.o
       162          0          0          0          0        100   dsqrt.o
        38          0          0          0          0         68   f2d.o
       176          0          0          0          0        140   fadd.o
       124          0          0          0          0         88   fdiv.o
       110          0          0          0          0        168   fepilogue.o
        40          0          0          0          0         68   ffixui.o
        18          0          0          0          0         68   fflti.o
        10          0          0          0          0         68   ffltui.o
       100          0          0          0          0         76   fmul.o

    ----------------------------------------------------------------------
      4852        112          0          8          0       3108   Library Totals
         8          0          0          0          0          0   (incl. Padding)

    ----------------------------------------------------------------------

      Code (inc. data)   RO Data    RW Data    ZI Data      Debug   Library Name

        76          0          0          0          0         84   m_ws.l
      2718        112          0          8          0       1072   mc_w.l
      2050          0          0          0          0       1952   mf_w.l

    ----------------------------------------------------------------------
      4852        112          0          8          0       3108   Library Totals

    ----------------------------------------------------------------------

==============================================================================


      Code (inc. data)   RO Data    RW Data    ZI Data      Debug   

     13820       1862       8420       7904       5552     334964   Grand Totals
     13820       1862       8420       2608       5552     334964   ELF Image Totals (compressed)
     13820       1862       8420       2608          0          0   ROM Totals

==============================================================================

    Total RO  Size (Code + RO Data)                22240 (  21.72kB)
    Total RW  Size (RW Data + ZI Data)             13456 (  13.14kB)
    Total ROM Size (Code + RO Data + RW Data)      24848 (  24.27kB)

==============================================================================

